# /media/jackkum/0C08303308301DE0/web/PHPPDU/jackkum/PHPPDU/../../jackkum/PHPPDU/Submit.php
# /media/jackkum/0C08303308301DE0/web/PHPPDU/jackkum/PHPPDU/../../jackkum/PHPPDU/PDU.php
# /media/jackkum/0C08303308301DE0/web/PHPPDU/jackkum/PHPPDU/../../jackkum/PHPPDU/PDU/SCA.php
# /media/jackkum/0C08303308301DE0/web/PHPPDU/jackkum/PHPPDU/../../jackkum/PHPPDU/PDU/SCA/Type.php
# /media/jackkum/0C08303308301DE0/web/PHPPDU/jackkum/PHPPDU/../../jackkum/PHPPDU/PDU/Type/Submit.php
# /media/jackkum/0C08303308301DE0/web/PHPPDU/jackkum/PHPPDU/../../jackkum/PHPPDU/PDU/Type.php
# /media/jackkum/0C08303308301DE0/web/PHPPDU/jackkum/PHPPDU/../../jackkum/PHPPDU/PDU/DCS.php
# /media/jackkum/0C08303308301DE0/web/PHPPDU/jackkum/PHPPDU/../../jackkum/PHPPDU/PDU/VP.php
# /media/jackkum/0C08303308301DE0/web/PHPPDU/jackkum/PHPPDU/../../jackkum/PHPPDU/PDU/Data.php
# /media/jackkum/0C08303308301DE0/web/PHPPDU/jackkum/PHPPDU/../../jackkum/PHPPDU/PDU/Helper.php
PHP Notice:  Undefined variable: index in /media/jackkum/0C08303308301DE0/web/PHPPDU/jackkum/PHPPDU/PDU/Helper.php on line 37
PHP Notice:  Undefined variable: index in /media/jackkum/0C08303308301DE0/web/PHPPDU/jackkum/PHPPDU/PDU/Helper.php on line 41
PHP Notice:  String offset cast occurred in /media/jackkum/0C08303308301DE0/web/PHPPDU/jackkum/PHPPDU/PDU/Helper.php on line 41
PHP Notice:  Undefined variable: index in /media/jackkum/0C08303308301DE0/web/PHPPDU/jackkum/PHPPDU/PDU/Helper.php on line 37
PHP Notice:  Undefined variable: index in /media/jackkum/0C08303308301DE0/web/PHPPDU/jackkum/PHPPDU/PDU/Helper.php on line 41
PHP Notice:  String offset cast occurred in /media/jackkum/0C08303308301DE0/web/PHPPDU/jackkum/PHPPDU/PDU/Helper.php on line 41
PHP Notice:  Undefined variable: index in /media/jackkum/0C08303308301DE0/web/PHPPDU/jackkum/PHPPDU/PDU/Helper.php on line 37
PHP Notice:  Undefined variable: index in /media/jackkum/0C08303308301DE0/web/PHPPDU/jackkum/PHPPDU/PDU/Helper.php on line 41
PHP Notice:  String offset cast occurred in /media/jackkum/0C08303308301DE0/web/PHPPDU/jackkum/PHPPDU/PDU/Helper.php on line 41
PHP Notice:  Undefined variable: index in /media/jackkum/0C08303308301DE0/web/PHPPDU/jackkum/PHPPDU/PDU/Helper.php on line 37
PHP Notice:  Undefined variable: index in /media/jackkum/0C08303308301DE0/web/PHPPDU/jackkum/PHPPDU/PDU/Helper.php on line 41
PHP Notice:  String offset cast occurred in /media/jackkum/0C08303308301DE0/web/PHPPDU/jackkum/PHPPDU/PDU/Helper.php on line 41
PHP Notice:  Undefined variable: index in /media/jackkum/0C08303308301DE0/web/PHPPDU/jackkum/PHPPDU/PDU/Helper.php on line 37
PHP Notice:  Undefined variable: index in /media/jackkum/0C08303308301DE0/web/PHPPDU/jackkum/PHPPDU/PDU/Helper.php on line 41
PHP Notice:  String offset cast occurred in /media/jackkum/0C08303308301DE0/web/PHPPDU/jackkum/PHPPDU/PDU/Helper.php on line 41
PHP Notice:  Undefined variable: index in /media/jackkum/0C08303308301DE0/web/PHPPDU/jackkum/PHPPDU/PDU/Helper.php on line 37
PHP Notice:  Undefined variable: index in /media/jackkum/0C08303308301DE0/web/PHPPDU/jackkum/PHPPDU/PDU/Helper.php on line 41
PHP Notice:  String offset cast occurred in /media/jackkum/0C08303308301DE0/web/PHPPDU/jackkum/PHPPDU/PDU/Helper.php on line 41
PHP Notice:  Undefined variable: index in /media/jackkum/0C08303308301DE0/web/PHPPDU/jackkum/PHPPDU/PDU/Helper.php on line 37
PHP Notice:  Undefined variable: index in /media/jackkum/0C08303308301DE0/web/PHPPDU/jackkum/PHPPDU/PDU/Helper.php on line 41
PHP Notice:  String offset cast occurred in /media/jackkum/0C08303308301DE0/web/PHPPDU/jackkum/PHPPDU/PDU/Helper.php on line 41
PHP Notice:  Undefined variable: index in /media/jackkum/0C08303308301DE0/web/PHPPDU/jackkum/PHPPDU/PDU/Helper.php on line 37
PHP Notice:  Undefined variable: index in /media/jackkum/0C08303308301DE0/web/PHPPDU/jackkum/PHPPDU/PDU/Helper.php on line 41
PHP Notice:  String offset cast occurred in /media/jackkum/0C08303308301DE0/web/PHPPDU/jackkum/PHPPDU/PDU/Helper.php on line 41
PHP Notice:  Undefined variable: index in /media/jackkum/0C08303308301DE0/web/PHPPDU/jackkum/PHPPDU/PDU/Helper.php on line 37
PHP Notice:  Undefined variable: index in /media/jackkum/0C08303308301DE0/web/PHPPDU/jackkum/PHPPDU/PDU/Helper.php on line 41
PHP Notice:  String offset cast occurred in /media/jackkum/0C08303308301DE0/web/PHPPDU/jackkum/PHPPDU/PDU/Helper.php on line 41
PHP Notice:  Undefined variable: index in /media/jackkum/0C08303308301DE0/web/PHPPDU/jackkum/PHPPDU/PDU/Helper.php on line 37
PHP Notice:  Undefined variable: index in /media/jackkum/0C08303308301DE0/web/PHPPDU/jackkum/PHPPDU/PDU/Helper.php on line 41
PHP Notice:  String offset cast occurred in /media/jackkum/0C08303308301DE0/web/PHPPDU/jackkum/PHPPDU/PDU/Helper.php on line 41
PHP Notice:  Undefined variable: index in /media/jackkum/0C08303308301DE0/web/PHPPDU/jackkum/PHPPDU/PDU/Helper.php on line 37
PHP Notice:  Undefined variable: index in /media/jackkum/0C08303308301DE0/web/PHPPDU/jackkum/PHPPDU/PDU/Helper.php on line 41
PHP Notice:  String offset cast occurred in /media/jackkum/0C08303308301DE0/web/PHPPDU/jackkum/PHPPDU/PDU/Helper.php on line 41
PHP Notice:  Undefined variable: index in /media/jackkum/0C08303308301DE0/web/PHPPDU/jackkum/PHPPDU/PDU/Helper.php on line 37
PHP Notice:  Undefined variable: index in /media/jackkum/0C08303308301DE0/web/PHPPDU/jackkum/PHPPDU/PDU/Helper.php on line 41
PHP Notice:  String offset cast occurred in /media/jackkum/0C08303308301DE0/web/PHPPDU/jackkum/PHPPDU/PDU/Helper.php on line 41
PHP Notice:  Undefined variable: index in /media/jackkum/0C08303308301DE0/web/PHPPDU/jackkum/PHPPDU/PDU/Helper.php on line 37
PHP Notice:  Undefined variable: index in /media/jackkum/0C08303308301DE0/web/PHPPDU/jackkum/PHPPDU/PDU/Helper.php on line 41
PHP Notice:  String offset cast occurred in /media/jackkum/0C08303308301DE0/web/PHPPDU/jackkum/PHPPDU/PDU/Helper.php on line 41
PHP Notice:  Undefined variable: index in /media/jackkum/0C08303308301DE0/web/PHPPDU/jackkum/PHPPDU/PDU/Helper.php on line 37
PHP Notice:  Undefined variable: index in /media/jackkum/0C08303308301DE0/web/PHPPDU/jackkum/PHPPDU/PDU/Helper.php on line 41
PHP Notice:  String offset cast occurred in /media/jackkum/0C08303308301DE0/web/PHPPDU/jackkum/PHPPDU/PDU/Helper.php on line 41
PHP Notice:  Undefined variable: index in /media/jackkum/0C08303308301DE0/web/PHPPDU/jackkum/PHPPDU/PDU/Helper.php on line 37
PHP Notice:  Undefined variable: index in /media/jackkum/0C08303308301DE0/web/PHPPDU/jackkum/PHPPDU/PDU/Helper.php on line 41
PHP Notice:  String offset cast occurred in /media/jackkum/0C08303308301DE0/web/PHPPDU/jackkum/PHPPDU/PDU/Helper.php on line 41
PHP Notice:  Undefined variable: index in /media/jackkum/0C08303308301DE0/web/PHPPDU/jackkum/PHPPDU/PDU/Helper.php on line 37
PHP Notice:  Undefined variable: index in /media/jackkum/0C08303308301DE0/web/PHPPDU/jackkum/PHPPDU/PDU/Helper.php on line 41
PHP Notice:  String offset cast occurred in /media/jackkum/0C08303308301DE0/web/PHPPDU/jackkum/PHPPDU/PDU/Helper.php on line 41
PHP Notice:  Undefined variable: index in /media/jackkum/0C08303308301DE0/web/PHPPDU/jackkum/PHPPDU/PDU/Helper.php on line 37
PHP Notice:  Undefined variable: index in /media/jackkum/0C08303308301DE0/web/PHPPDU/jackkum/PHPPDU/PDU/Helper.php on line 41
PHP Notice:  String offset cast occurred in /media/jackkum/0C08303308301DE0/web/PHPPDU/jackkum/PHPPDU/PDU/Helper.php on line 41
PHP Notice:  Undefined variable: index in /media/jackkum/0C08303308301DE0/web/PHPPDU/jackkum/PHPPDU/PDU/Helper.php on line 37
PHP Notice:  Undefined variable: index in /media/jackkum/0C08303308301DE0/web/PHPPDU/jackkum/PHPPDU/PDU/Helper.php on line 41
PHP Notice:  String offset cast occurred in /media/jackkum/0C08303308301DE0/web/PHPPDU/jackkum/PHPPDU/PDU/Helper.php on line 41
PHP Notice:  Undefined variable: index in /media/jackkum/0C08303308301DE0/web/PHPPDU/jackkum/PHPPDU/PDU/Helper.php on line 37
PHP Notice:  Undefined variable: index in /media/jackkum/0C08303308301DE0/web/PHPPDU/jackkum/PHPPDU/PDU/Helper.php on line 41
PHP Notice:  String offset cast occurred in /media/jackkum/0C08303308301DE0/web/PHPPDU/jackkum/PHPPDU/PDU/Helper.php on line 41
PHP Notice:  Undefined variable: index in /media/jackkum/0C08303308301DE0/web/PHPPDU/jackkum/PHPPDU/PDU/Helper.php on line 37
PHP Notice:  Undefined variable: index in /media/jackkum/0C08303308301DE0/web/PHPPDU/jackkum/PHPPDU/PDU/Helper.php on line 41
PHP Notice:  String offset cast occurred in /media/jackkum/0C08303308301DE0/web/PHPPDU/jackkum/PHPPDU/PDU/Helper.php on line 41
PHP Notice:  Undefined variable: index in /media/jackkum/0C08303308301DE0/web/PHPPDU/jackkum/PHPPDU/PDU/Helper.php on line 37
PHP Notice:  Undefined variable: index in /media/jackkum/0C08303308301DE0/web/PHPPDU/jackkum/PHPPDU/PDU/Helper.php on line 41
PHP Notice:  String offset cast occurred in /media/jackkum/0C08303308301DE0/web/PHPPDU/jackkum/PHPPDU/PDU/Helper.php on line 41
PHP Notice:  Undefined variable: index in /media/jackkum/0C08303308301DE0/web/PHPPDU/jackkum/PHPPDU/PDU/Helper.php on line 37
PHP Notice:  Undefined variable: index in /media/jackkum/0C08303308301DE0/web/PHPPDU/jackkum/PHPPDU/PDU/Helper.php on line 41
PHP Notice:  String offset cast occurred in /media/jackkum/0C08303308301DE0/web/PHPPDU/jackkum/PHPPDU/PDU/Helper.php on line 41
PHP Notice:  Undefined variable: index in /media/jackkum/0C08303308301DE0/web/PHPPDU/jackkum/PHPPDU/PDU/Helper.php on line 37
PHP Notice:  Undefined variable: index in /media/jackkum/0C08303308301DE0/web/PHPPDU/jackkum/PHPPDU/PDU/Helper.php on line 41
PHP Notice:  String offset cast occurred in /media/jackkum/0C08303308301DE0/web/PHPPDU/jackkum/PHPPDU/PDU/Helper.php on line 41
PHP Notice:  Undefined variable: index in /media/jackkum/0C08303308301DE0/web/PHPPDU/jackkum/PHPPDU/PDU/Helper.php on line 37
PHP Notice:  Undefined variable: index in /media/jackkum/0C08303308301DE0/web/PHPPDU/jackkum/PHPPDU/PDU/Helper.php on line 41
PHP Notice:  String offset cast occurred in /media/jackkum/0C08303308301DE0/web/PHPPDU/jackkum/PHPPDU/PDU/Helper.php on line 41
PHP Notice:  Undefined variable: index in /media/jackkum/0C08303308301DE0/web/PHPPDU/jackkum/PHPPDU/PDU/Helper.php on line 37
PHP Notice:  Undefined variable: index in /media/jackkum/0C08303308301DE0/web/PHPPDU/jackkum/PHPPDU/PDU/Helper.php on line 41
PHP Notice:  String offset cast occurred in /media/jackkum/0C08303308301DE0/web/PHPPDU/jackkum/PHPPDU/PDU/Helper.php on line 41
PHP Notice:  Undefined variable: index in /media/jackkum/0C08303308301DE0/web/PHPPDU/jackkum/PHPPDU/PDU/Helper.php on line 37
PHP Notice:  Undefined variable: index in /media/jackkum/0C08303308301DE0/web/PHPPDU/jackkum/PHPPDU/PDU/Helper.php on line 41
PHP Notice:  String offset cast occurred in /media/jackkum/0C08303308301DE0/web/PHPPDU/jackkum/PHPPDU/PDU/Helper.php on line 41
PHP Notice:  Undefined variable: index in /media/jackkum/0C08303308301DE0/web/PHPPDU/jackkum/PHPPDU/PDU/Helper.php on line 37
PHP Notice:  Undefined variable: index in /media/jackkum/0C08303308301DE0/web/PHPPDU/jackkum/PHPPDU/PDU/Helper.php on line 41
PHP Notice:  String offset cast occurred in /media/jackkum/0C08303308301DE0/web/PHPPDU/jackkum/PHPPDU/PDU/Helper.php on line 41
PHP Notice:  Undefined variable: index in /media/jackkum/0C08303308301DE0/web/PHPPDU/jackkum/PHPPDU/PDU/Helper.php on line 37
PHP Notice:  Undefined variable: index in /media/jackkum/0C08303308301DE0/web/PHPPDU/jackkum/PHPPDU/PDU/Helper.php on line 41
PHP Notice:  String offset cast occurred in /media/jackkum/0C08303308301DE0/web/PHPPDU/jackkum/PHPPDU/PDU/Helper.php on line 41
PHP Notice:  Undefined variable: index in /media/jackkum/0C08303308301DE0/web/PHPPDU/jackkum/PHPPDU/PDU/Helper.php on line 37
PHP Notice:  Undefined variable: index in /media/jackkum/0C08303308301DE0/web/PHPPDU/jackkum/PHPPDU/PDU/Helper.php on line 41
PHP Notice:  String offset cast occurred in /media/jackkum/0C08303308301DE0/web/PHPPDU/jackkum/PHPPDU/PDU/Helper.php on line 41
PHP Notice:  Undefined variable: index in /media/jackkum/0C08303308301DE0/web/PHPPDU/jackkum/PHPPDU/PDU/Helper.php on line 37
PHP Notice:  Undefined variable: index in /media/jackkum/0C08303308301DE0/web/PHPPDU/jackkum/PHPPDU/PDU/Helper.php on line 41
PHP Notice:  String offset cast occurred in /media/jackkum/0C08303308301DE0/web/PHPPDU/jackkum/PHPPDU/PDU/Helper.php on line 41
PHP Notice:  Undefined variable: index in /media/jackkum/0C08303308301DE0/web/PHPPDU/jackkum/PHPPDU/PDU/Helper.php on line 37
PHP Notice:  Undefined variable: index in /media/jackkum/0C08303308301DE0/web/PHPPDU/jackkum/PHPPDU/PDU/Helper.php on line 41
PHP Notice:  String offset cast occurred in /media/jackkum/0C08303308301DE0/web/PHPPDU/jackkum/PHPPDU/PDU/Helper.php on line 41
PHP Notice:  Undefined variable: index in /media/jackkum/0C08303308301DE0/web/PHPPDU/jackkum/PHPPDU/PDU/Helper.php on line 37
PHP Notice:  Undefined variable: index in /media/jackkum/0C08303308301DE0/web/PHPPDU/jackkum/PHPPDU/PDU/Helper.php on line 41
PHP Notice:  String offset cast occurred in /media/jackkum/0C08303308301DE0/web/PHPPDU/jackkum/PHPPDU/PDU/Helper.php on line 41
PHP Notice:  Undefined variable: index in /media/jackkum/0C08303308301DE0/web/PHPPDU/jackkum/PHPPDU/PDU/Helper.php on line 37
PHP Notice:  Undefined variable: index in /media/jackkum/0C08303308301DE0/web/PHPPDU/jackkum/PHPPDU/PDU/Helper.php on line 41
PHP Notice:  String offset cast occurred in /media/jackkum/0C08303308301DE0/web/PHPPDU/jackkum/PHPPDU/PDU/Helper.php on line 41
PHP Notice:  Undefined variable: index in /media/jackkum/0C08303308301DE0/web/PHPPDU/jackkum/PHPPDU/PDU/Helper.php on line 37
PHP Notice:  Undefined variable: index in /media/jackkum/0C08303308301DE0/web/PHPPDU/jackkum/PHPPDU/PDU/Helper.php on line 41
PHP Notice:  String offset cast occurred in /media/jackkum/0C08303308301DE0/web/PHPPDU/jackkum/PHPPDU/PDU/Helper.php on line 41
PHP Notice:  Undefined variable: index in /media/jackkum/0C08303308301DE0/web/PHPPDU/jackkum/PHPPDU/PDU/Helper.php on line 37
PHP Notice:  Undefined variable: index in /media/jackkum/0C08303308301DE0/web/PHPPDU/jackkum/PHPPDU/PDU/Helper.php on line 41
PHP Notice:  String offset cast occurred in /media/jackkum/0C08303308301DE0/web/PHPPDU/jackkum/PHPPDU/PDU/Helper.php on line 41
PHP Notice:  Undefined variable: index in /media/jackkum/0C08303308301DE0/web/PHPPDU/jackkum/PHPPDU/PDU/Helper.php on line 37
PHP Notice:  Undefined variable: index in /media/jackkum/0C08303308301DE0/web/PHPPDU/jackkum/PHPPDU/PDU/Helper.php on line 41
PHP Notice:  String offset cast occurred in /media/jackkum/0C08303308301DE0/web/PHPPDU/jackkum/PHPPDU/PDU/Helper.php on line 41
PHP Notice:  Undefined variable: index in /media/jackkum/0C08303308301DE0/web/PHPPDU/jackkum/PHPPDU/PDU/Helper.php on line 37
PHP Notice:  Undefined variable: index in /media/jackkum/0C08303308301DE0/web/PHPPDU/jackkum/PHPPDU/PDU/Helper.php on line 41
PHP Notice:  String offset cast occurred in /media/jackkum/0C08303308301DE0/web/PHPPDU/jackkum/PHPPDU/PDU/Helper.php on line 41
PHP Notice:  Undefined variable: index in /media/jackkum/0C08303308301DE0/web/PHPPDU/jackkum/PHPPDU/PDU/Helper.php on line 37
PHP Notice:  Undefined variable: index in /media/jackkum/0C08303308301DE0/web/PHPPDU/jackkum/PHPPDU/PDU/Helper.php on line 41
PHP Notice:  String offset cast occurred in /media/jackkum/0C08303308301DE0/web/PHPPDU/jackkum/PHPPDU/PDU/Helper.php on line 41
PHP Notice:  Undefined variable: index in /media/jackkum/0C08303308301DE0/web/PHPPDU/jackkum/PHPPDU/PDU/Helper.php on line 37
PHP Notice:  Undefined variable: index in /media/jackkum/0C08303308301DE0/web/PHPPDU/jackkum/PHPPDU/PDU/Helper.php on line 41
PHP Notice:  String offset cast occurred in /media/jackkum/0C08303308301DE0/web/PHPPDU/jackkum/PHPPDU/PDU/Helper.php on line 41
PHP Notice:  Undefined variable: index in /media/jackkum/0C08303308301DE0/web/PHPPDU/jackkum/PHPPDU/PDU/Helper.php on line 37
PHP Notice:  Undefined variable: index in /media/jackkum/0C08303308301DE0/web/PHPPDU/jackkum/PHPPDU/PDU/Helper.php on line 41
PHP Notice:  String offset cast occurred in /media/jackkum/0C08303308301DE0/web/PHPPDU/jackkum/PHPPDU/PDU/Helper.php on line 41
PHP Notice:  Undefined variable: index in /media/jackkum/0C08303308301DE0/web/PHPPDU/jackkum/PHPPDU/PDU/Helper.php on line 37
PHP Notice:  Undefined variable: index in /media/jackkum/0C08303308301DE0/web/PHPPDU/jackkum/PHPPDU/PDU/Helper.php on line 41
PHP Notice:  String offset cast occurred in /media/jackkum/0C08303308301DE0/web/PHPPDU/jackkum/PHPPDU/PDU/Helper.php on line 41
PHP Notice:  Undefined variable: index in /media/jackkum/0C08303308301DE0/web/PHPPDU/jackkum/PHPPDU/PDU/Helper.php on line 37
PHP Notice:  Undefined variable: index in /media/jackkum/0C08303308301DE0/web/PHPPDU/jackkum/PHPPDU/PDU/Helper.php on line 41
PHP Notice:  String offset cast occurred in /media/jackkum/0C08303308301DE0/web/PHPPDU/jackkum/PHPPDU/PDU/Helper.php on line 41
PHP Notice:  Undefined variable: index in /media/jackkum/0C08303308301DE0/web/PHPPDU/jackkum/PHPPDU/PDU/Helper.php on line 37
PHP Notice:  Undefined variable: index in /media/jackkum/0C08303308301DE0/web/PHPPDU/jackkum/PHPPDU/PDU/Helper.php on line 41
PHP Notice:  String offset cast occurred in /media/jackkum/0C08303308301DE0/web/PHPPDU/jackkum/PHPPDU/PDU/Helper.php on line 41
PHP Notice:  Undefined variable: index in /media/jackkum/0C08303308301DE0/web/PHPPDU/jackkum/PHPPDU/PDU/Helper.php on line 37
PHP Notice:  Undefined variable: index in /media/jackkum/0C08303308301DE0/web/PHPPDU/jackkum/PHPPDU/PDU/Helper.php on line 41
PHP Notice:  String offset cast occurred in /media/jackkum/0C08303308301DE0/web/PHPPDU/jackkum/PHPPDU/PDU/Helper.php on line 41
PHP Notice:  Undefined variable: index in /media/jackkum/0C08303308301DE0/web/PHPPDU/jackkum/PHPPDU/PDU/Helper.php on line 37
PHP Notice:  Undefined variable: index in /media/jackkum/0C08303308301DE0/web/PHPPDU/jackkum/PHPPDU/PDU/Helper.php on line 41
PHP Notice:  String offset cast occurred in /media/jackkum/0C08303308301DE0/web/PHPPDU/jackkum/PHPPDU/PDU/Helper.php on line 41
PHP Notice:  Undefined variable: index in /media/jackkum/0C08303308301DE0/web/PHPPDU/jackkum/PHPPDU/PDU/Helper.php on line 37
PHP Notice:  Undefined variable: index in /media/jackkum/0C08303308301DE0/web/PHPPDU/jackkum/PHPPDU/PDU/Helper.php on line 41
PHP Notice:  String offset cast occurred in /media/jackkum/0C08303308301DE0/web/PHPPDU/jackkum/PHPPDU/PDU/Helper.php on line 41
PHP Notice:  Undefined variable: index in /media/jackkum/0C08303308301DE0/web/PHPPDU/jackkum/PHPPDU/PDU/Helper.php on line 37
PHP Notice:  Undefined variable: index in /media/jackkum/0C08303308301DE0/web/PHPPDU/jackkum/PHPPDU/PDU/Helper.php on line 41
PHP Notice:  String offset cast occurred in /media/jackkum/0C08303308301DE0/web/PHPPDU/jackkum/PHPPDU/PDU/Helper.php on line 41
PHP Notice:  Undefined variable: index in /media/jackkum/0C08303308301DE0/web/PHPPDU/jackkum/PHPPDU/PDU/Helper.php on line 37
PHP Notice:  Undefined variable: index in /media/jackkum/0C08303308301DE0/web/PHPPDU/jackkum/PHPPDU/PDU/Helper.php on line 41
PHP Notice:  String offset cast occurred in /media/jackkum/0C08303308301DE0/web/PHPPDU/jackkum/PHPPDU/PDU/Helper.php on line 41
PHP Notice:  Undefined variable: index in /media/jackkum/0C08303308301DE0/web/PHPPDU/jackkum/PHPPDU/PDU/Helper.php on line 37
PHP Notice:  Undefined variable: index in /media/jackkum/0C08303308301DE0/web/PHPPDU/jackkum/PHPPDU/PDU/Helper.php on line 41
PHP Notice:  String offset cast occurred in /media/jackkum/0C08303308301DE0/web/PHPPDU/jackkum/PHPPDU/PDU/Helper.php on line 41
PHP Notice:  Undefined variable: index in /media/jackkum/0C08303308301DE0/web/PHPPDU/jackkum/PHPPDU/PDU/Helper.php on line 37
PHP Notice:  Undefined variable: index in /media/jackkum/0C08303308301DE0/web/PHPPDU/jackkum/PHPPDU/PDU/Helper.php on line 41
PHP Notice:  String offset cast occurred in /media/jackkum/0C08303308301DE0/web/PHPPDU/jackkum/PHPPDU/PDU/Helper.php on line 41
PHP Notice:  Undefined variable: index in /media/jackkum/0C08303308301DE0/web/PHPPDU/jackkum/PHPPDU/PDU/Helper.php on line 37
PHP Notice:  Undefined variable: index in /media/jackkum/0C08303308301DE0/web/PHPPDU/jackkum/PHPPDU/PDU/Helper.php on line 41
PHP Notice:  String offset cast occurred in /media/jackkum/0C08303308301DE0/web/PHPPDU/jackkum/PHPPDU/PDU/Helper.php on line 41
PHP Notice:  Undefined variable: index in /media/jackkum/0C08303308301DE0/web/PHPPDU/jackkum/PHPPDU/PDU/Helper.php on line 37
PHP Notice:  Undefined variable: index in /media/jackkum/0C08303308301DE0/web/PHPPDU/jackkum/PHPPDU/PDU/Helper.php on line 41
PHP Notice:  String offset cast occurred in /media/jackkum/0C08303308301DE0/web/PHPPDU/jackkum/PHPPDU/PDU/Helper.php on line 41
PHP Notice:  Undefined variable: index in /media/jackkum/0C08303308301DE0/web/PHPPDU/jackkum/PHPPDU/PDU/Helper.php on line 37
PHP Notice:  Undefined variable: index in /media/jackkum/0C08303308301DE0/web/PHPPDU/jackkum/PHPPDU/PDU/Helper.php on line 41
PHP Notice:  String offset cast occurred in /media/jackkum/0C08303308301DE0/web/PHPPDU/jackkum/PHPPDU/PDU/Helper.php on line 41
PHP Notice:  Undefined variable: index in /media/jackkum/0C08303308301DE0/web/PHPPDU/jackkum/PHPPDU/PDU/Helper.php on line 37
PHP Notice:  Undefined variable: index in /media/jackkum/0C08303308301DE0/web/PHPPDU/jackkum/PHPPDU/PDU/Helper.php on line 41
PHP Notice:  String offset cast occurred in /media/jackkum/0C08303308301DE0/web/PHPPDU/jackkum/PHPPDU/PDU/Helper.php on line 41
PHP Notice:  Undefined variable: index in /media/jackkum/0C08303308301DE0/web/PHPPDU/jackkum/PHPPDU/PDU/Helper.php on line 37
PHP Notice:  Undefined variable: index in /media/jackkum/0C08303308301DE0/web/PHPPDU/jackkum/PHPPDU/PDU/Helper.php on line 41
PHP Notice:  String offset cast occurred in /media/jackkum/0C08303308301DE0/web/PHPPDU/jackkum/PHPPDU/PDU/Helper.php on line 41
PHP Notice:  Undefined variable: index in /media/jackkum/0C08303308301DE0/web/PHPPDU/jackkum/PHPPDU/PDU/Helper.php on line 37
PHP Notice:  Undefined variable: index in /media/jackkum/0C08303308301DE0/web/PHPPDU/jackkum/PHPPDU/PDU/Helper.php on line 41
PHP Notice:  String offset cast occurred in /media/jackkum/0C08303308301DE0/web/PHPPDU/jackkum/PHPPDU/PDU/Helper.php on line 41
PHP Notice:  Undefined variable: index in /media/jackkum/0C08303308301DE0/web/PHPPDU/jackkum/PHPPDU/PDU/Helper.php on line 37
PHP Notice:  Undefined variable: index in /media/jackkum/0C08303308301DE0/web/PHPPDU/jackkum/PHPPDU/PDU/Helper.php on line 41
PHP Notice:  String offset cast occurred in /media/jackkum/0C08303308301DE0/web/PHPPDU/jackkum/PHPPDU/PDU/Helper.php on line 41
PHP Notice:  Undefined variable: index in /media/jackkum/0C08303308301DE0/web/PHPPDU/jackkum/PHPPDU/PDU/Helper.php on line 37
PHP Notice:  Undefined variable: index in /media/jackkum/0C08303308301DE0/web/PHPPDU/jackkum/PHPPDU/PDU/Helper.php on line 41
PHP Notice:  String offset cast occurred in /media/jackkum/0C08303308301DE0/web/PHPPDU/jackkum/PHPPDU/PDU/Helper.php on line 41
PHP Notice:  Undefined variable: index in /media/jackkum/0C08303308301DE0/web/PHPPDU/jackkum/PHPPDU/PDU/Helper.php on line 37
PHP Notice:  Undefined variable: index in /media/jackkum/0C08303308301DE0/web/PHPPDU/jackkum/PHPPDU/PDU/Helper.php on line 41
PHP Notice:  String offset cast occurred in /media/jackkum/0C08303308301DE0/web/PHPPDU/jackkum/PHPPDU/PDU/Helper.php on line 41
PHP Notice:  Undefined variable: index in /media/jackkum/0C08303308301DE0/web/PHPPDU/jackkum/PHPPDU/PDU/Helper.php on line 37
PHP Notice:  Undefined variable: index in /media/jackkum/0C08303308301DE0/web/PHPPDU/jackkum/PHPPDU/PDU/Helper.php on line 41
PHP Notice:  String offset cast occurred in /media/jackkum/0C08303308301DE0/web/PHPPDU/jackkum/PHPPDU/PDU/Helper.php on line 41
PHP Notice:  Undefined variable: index in /media/jackkum/0C08303308301DE0/web/PHPPDU/jackkum/PHPPDU/PDU/Helper.php on line 37
PHP Notice:  Undefined variable: index in /media/jackkum/0C08303308301DE0/web/PHPPDU/jackkum/PHPPDU/PDU/Helper.php on line 41
PHP Notice:  String offset cast occurred in /media/jackkum/0C08303308301DE0/web/PHPPDU/jackkum/PHPPDU/PDU/Helper.php on line 41
PHP Notice:  Undefined variable: index in /media/jackkum/0C08303308301DE0/web/PHPPDU/jackkum/PHPPDU/PDU/Helper.php on line 37
PHP Notice:  Undefined variable: index in /media/jackkum/0C08303308301DE0/web/PHPPDU/jackkum/PHPPDU/PDU/Helper.php on line 41
PHP Notice:  String offset cast occurred in /media/jackkum/0C08303308301DE0/web/PHPPDU/jackkum/PHPPDU/PDU/Helper.php on line 41
PHP Notice:  Undefined variable: index in /media/jackkum/0C08303308301DE0/web/PHPPDU/jackkum/PHPPDU/PDU/Helper.php on line 37
PHP Notice:  Undefined variable: index in /media/jackkum/0C08303308301DE0/web/PHPPDU/jackkum/PHPPDU/PDU/Helper.php on line 41
PHP Notice:  String offset cast occurred in /media/jackkum/0C08303308301DE0/web/PHPPDU/jackkum/PHPPDU/PDU/Helper.php on line 41
PHP Notice:  Undefined variable: index in /media/jackkum/0C08303308301DE0/web/PHPPDU/jackkum/PHPPDU/PDU/Helper.php on line 37
PHP Notice:  Undefined variable: index in /media/jackkum/0C08303308301DE0/web/PHPPDU/jackkum/PHPPDU/PDU/Helper.php on line 41
PHP Notice:  String offset cast occurred in /media/jackkum/0C08303308301DE0/web/PHPPDU/jackkum/PHPPDU/PDU/Helper.php on line 41
PHP Notice:  Undefined variable: index in /media/jackkum/0C08303308301DE0/web/PHPPDU/jackkum/PHPPDU/PDU/Helper.php on line 37
PHP Notice:  Undefined variable: index in /media/jackkum/0C08303308301DE0/web/PHPPDU/jackkum/PHPPDU/PDU/Helper.php on line 41
PHP Notice:  String offset cast occurred in /media/jackkum/0C08303308301DE0/web/PHPPDU/jackkum/PHPPDU/PDU/Helper.php on line 41
PHP Notice:  Undefined variable: index in /media/jackkum/0C08303308301DE0/web/PHPPDU/jackkum/PHPPDU/PDU/Helper.php on line 37
PHP Notice:  Undefined variable: index in /media/jackkum/0C08303308301DE0/web/PHPPDU/jackkum/PHPPDU/PDU/Helper.php on line 41
PHP Notice:  String offset cast occurred in /media/jackkum/0C08303308301DE0/web/PHPPDU/jackkum/PHPPDU/PDU/Helper.php on line 41
PHP Notice:  Undefined variable: index in /media/jackkum/0C08303308301DE0/web/PHPPDU/jackkum/PHPPDU/PDU/Helper.php on line 37
PHP Notice:  Undefined variable: index in /media/jackkum/0C08303308301DE0/web/PHPPDU/jackkum/PHPPDU/PDU/Helper.php on line 41
PHP Notice:  String offset cast occurred in /media/jackkum/0C08303308301DE0/web/PHPPDU/jackkum/PHPPDU/PDU/Helper.php on line 41
PHP Notice:  Undefined variable: index in /media/jackkum/0C08303308301DE0/web/PHPPDU/jackkum/PHPPDU/PDU/Helper.php on line 37
PHP Notice:  Undefined variable: index in /media/jackkum/0C08303308301DE0/web/PHPPDU/jackkum/PHPPDU/PDU/Helper.php on line 41
PHP Notice:  String offset cast occurred in /media/jackkum/0C08303308301DE0/web/PHPPDU/jackkum/PHPPDU/PDU/Helper.php on line 41
PHP Notice:  Undefined variable: index in /media/jackkum/0C08303308301DE0/web/PHPPDU/jackkum/PHPPDU/PDU/Helper.php on line 37
PHP Notice:  Undefined variable: index in /media/jackkum/0C08303308301DE0/web/PHPPDU/jackkum/PHPPDU/PDU/Helper.php on line 41
PHP Notice:  String offset cast occurred in /media/jackkum/0C08303308301DE0/web/PHPPDU/jackkum/PHPPDU/PDU/Helper.php on line 41
PHP Notice:  Undefined variable: index in /media/jackkum/0C08303308301DE0/web/PHPPDU/jackkum/PHPPDU/PDU/Helper.php on line 37
PHP Notice:  Undefined variable: index in /media/jackkum/0C08303308301DE0/web/PHPPDU/jackkum/PHPPDU/PDU/Helper.php on line 41
PHP Notice:  String offset cast occurred in /media/jackkum/0C08303308301DE0/web/PHPPDU/jackkum/PHPPDU/PDU/Helper.php on line 41
PHP Notice:  Undefined variable: index in /media/jackkum/0C08303308301DE0/web/PHPPDU/jackkum/PHPPDU/PDU/Helper.php on line 37
PHP Notice:  Undefined variable: index in /media/jackkum/0C08303308301DE0/web/PHPPDU/jackkum/PHPPDU/PDU/Helper.php on line 41
PHP Notice:  String offset cast occurred in /media/jackkum/0C08303308301DE0/web/PHPPDU/jackkum/PHPPDU/PDU/Helper.php on line 41
PHP Notice:  Undefined variable: index in /media/jackkum/0C08303308301DE0/web/PHPPDU/jackkum/PHPPDU/PDU/Helper.php on line 37
PHP Notice:  Undefined variable: index in /media/jackkum/0C08303308301DE0/web/PHPPDU/jackkum/PHPPDU/PDU/Helper.php on line 41
PHP Notice:  String offset cast occurred in /media/jackkum/0C08303308301DE0/web/PHPPDU/jackkum/PHPPDU/PDU/Helper.php on line 41
PHP Notice:  Undefined variable: index in /media/jackkum/0C08303308301DE0/web/PHPPDU/jackkum/PHPPDU/PDU/Helper.php on line 37
PHP Notice:  Undefined variable: index in /media/jackkum/0C08303308301DE0/web/PHPPDU/jackkum/PHPPDU/PDU/Helper.php on line 41
PHP Notice:  String offset cast occurred in /media/jackkum/0C08303308301DE0/web/PHPPDU/jackkum/PHPPDU/PDU/Helper.php on line 41
PHP Notice:  Undefined variable: index in /media/jackkum/0C08303308301DE0/web/PHPPDU/jackkum/PHPPDU/PDU/Helper.php on line 37
PHP Notice:  Undefined variable: index in /media/jackkum/0C08303308301DE0/web/PHPPDU/jackkum/PHPPDU/PDU/Helper.php on line 41
PHP Notice:  String offset cast occurred in /media/jackkum/0C08303308301DE0/web/PHPPDU/jackkum/PHPPDU/PDU/Helper.php on line 41
PHP Notice:  Undefined variable: index in /media/jackkum/0C08303308301DE0/web/PHPPDU/jackkum/PHPPDU/PDU/Helper.php on line 37
PHP Notice:  Undefined variable: index in /media/jackkum/0C08303308301DE0/web/PHPPDU/jackkum/PHPPDU/PDU/Helper.php on line 41
PHP Notice:  String offset cast occurred in /media/jackkum/0C08303308301DE0/web/PHPPDU/jackkum/PHPPDU/PDU/Helper.php on line 41
PHP Notice:  Undefined variable: index in /media/jackkum/0C08303308301DE0/web/PHPPDU/jackkum/PHPPDU/PDU/Helper.php on line 37
PHP Notice:  Undefined variable: index in /media/jackkum/0C08303308301DE0/web/PHPPDU/jackkum/PHPPDU/PDU/Helper.php on line 41
PHP Notice:  String offset cast occurred in /media/jackkum/0C08303308301DE0/web/PHPPDU/jackkum/PHPPDU/PDU/Helper.php on line 41
PHP Notice:  Undefined variable: index in /media/jackkum/0C08303308301DE0/web/PHPPDU/jackkum/PHPPDU/PDU/Helper.php on line 37
PHP Notice:  Undefined variable: index in /media/jackkum/0C08303308301DE0/web/PHPPDU/jackkum/PHPPDU/PDU/Helper.php on line 41
PHP Notice:  String offset cast occurred in /media/jackkum/0C08303308301DE0/web/PHPPDU/jackkum/PHPPDU/PDU/Helper.php on line 41
PHP Notice:  Undefined variable: index in /media/jackkum/0C08303308301DE0/web/PHPPDU/jackkum/PHPPDU/PDU/Helper.php on line 37
PHP Notice:  Undefined variable: index in /media/jackkum/0C08303308301DE0/web/PHPPDU/jackkum/PHPPDU/PDU/Helper.php on line 41
PHP Notice:  String offset cast occurred in /media/jackkum/0C08303308301DE0/web/PHPPDU/jackkum/PHPPDU/PDU/Helper.php on line 41
PHP Notice:  Undefined variable: index in /media/jackkum/0C08303308301DE0/web/PHPPDU/jackkum/PHPPDU/PDU/Helper.php on line 37
PHP Notice:  Undefined variable: index in /media/jackkum/0C08303308301DE0/web/PHPPDU/jackkum/PHPPDU/PDU/Helper.php on line 41
PHP Notice:  String offset cast occurred in /media/jackkum/0C08303308301DE0/web/PHPPDU/jackkum/PHPPDU/PDU/Helper.php on line 41
PHP Notice:  Undefined variable: index in /media/jackkum/0C08303308301DE0/web/PHPPDU/jackkum/PHPPDU/PDU/Helper.php on line 37
PHP Notice:  Undefined variable: index in /media/jackkum/0C08303308301DE0/web/PHPPDU/jackkum/PHPPDU/PDU/Helper.php on line 41
PHP Notice:  String offset cast occurred in /media/jackkum/0C08303308301DE0/web/PHPPDU/jackkum/PHPPDU/PDU/Helper.php on line 41
PHP Notice:  Undefined variable: index in /media/jackkum/0C08303308301DE0/web/PHPPDU/jackkum/PHPPDU/PDU/Helper.php on line 37
PHP Notice:  Undefined variable: index in /media/jackkum/0C08303308301DE0/web/PHPPDU/jackkum/PHPPDU/PDU/Helper.php on line 41
PHP Notice:  String offset cast occurred in /media/jackkum/0C08303308301DE0/web/PHPPDU/jackkum/PHPPDU/PDU/Helper.php on line 41
PHP Notice:  Undefined variable: index in /media/jackkum/0C08303308301DE0/web/PHPPDU/jackkum/PHPPDU/PDU/Helper.php on line 37
PHP Notice:  Undefined variable: index in /media/jackkum/0C08303308301DE0/web/PHPPDU/jackkum/PHPPDU/PDU/Helper.php on line 41
PHP Notice:  String offset cast occurred in /media/jackkum/0C08303308301DE0/web/PHPPDU/jackkum/PHPPDU/PDU/Helper.php on line 41
PHP Notice:  Undefined variable: index in /media/jackkum/0C08303308301DE0/web/PHPPDU/jackkum/PHPPDU/PDU/Helper.php on line 37
PHP Notice:  Undefined variable: index in /media/jackkum/0C08303308301DE0/web/PHPPDU/jackkum/PHPPDU/PDU/Helper.php on line 41
PHP Notice:  String offset cast occurred in /media/jackkum/0C08303308301DE0/web/PHPPDU/jackkum/PHPPDU/PDU/Helper.php on line 41
PHP Notice:  Undefined variable: index in /media/jackkum/0C08303308301DE0/web/PHPPDU/jackkum/PHPPDU/PDU/Helper.php on line 37
PHP Notice:  Undefined variable: index in /media/jackkum/0C08303308301DE0/web/PHPPDU/jackkum/PHPPDU/PDU/Helper.php on line 41
PHP Notice:  String offset cast occurred in /media/jackkum/0C08303308301DE0/web/PHPPDU/jackkum/PHPPDU/PDU/Helper.php on line 41
PHP Notice:  Undefined variable: index in /media/jackkum/0C08303308301DE0/web/PHPPDU/jackkum/PHPPDU/PDU/Helper.php on line 37
PHP Notice:  Undefined variable: index in /media/jackkum/0C08303308301DE0/web/PHPPDU/jackkum/PHPPDU/PDU/Helper.php on line 41
PHP Notice:  String offset cast occurred in /media/jackkum/0C08303308301DE0/web/PHPPDU/jackkum/PHPPDU/PDU/Helper.php on line 41
PHP Notice:  Undefined variable: index in /media/jackkum/0C08303308301DE0/web/PHPPDU/jackkum/PHPPDU/PDU/Helper.php on line 37
PHP Notice:  Undefined variable: index in /media/jackkum/0C08303308301DE0/web/PHPPDU/jackkum/PHPPDU/PDU/Helper.php on line 41
PHP Notice:  String offset cast occurred in /media/jackkum/0C08303308301DE0/web/PHPPDU/jackkum/PHPPDU/PDU/Helper.php on line 41
PHP Notice:  Undefined variable: index in /media/jackkum/0C08303308301DE0/web/PHPPDU/jackkum/PHPPDU/PDU/Helper.php on line 37
PHP Notice:  Undefined variable: index in /media/jackkum/0C08303308301DE0/web/PHPPDU/jackkum/PHPPDU/PDU/Helper.php on line 41
PHP Notice:  String offset cast occurred in /media/jackkum/0C08303308301DE0/web/PHPPDU/jackkum/PHPPDU/PDU/Helper.php on line 41
PHP Notice:  Undefined variable: index in /media/jackkum/0C08303308301DE0/web/PHPPDU/jackkum/PHPPDU/PDU/Helper.php on line 37
PHP Notice:  Undefined variable: index in /media/jackkum/0C08303308301DE0/web/PHPPDU/jackkum/PHPPDU/PDU/Helper.php on line 41
PHP Notice:  String offset cast occurred in /media/jackkum/0C08303308301DE0/web/PHPPDU/jackkum/PHPPDU/PDU/Helper.php on line 41
PHP Notice:  Undefined variable: index in /media/jackkum/0C08303308301DE0/web/PHPPDU/jackkum/PHPPDU/PDU/Helper.php on line 37
PHP Notice:  Undefined variable: index in /media/jackkum/0C08303308301DE0/web/PHPPDU/jackkum/PHPPDU/PDU/Helper.php on line 41
PHP Notice:  String offset cast occurred in /media/jackkum/0C08303308301DE0/web/PHPPDU/jackkum/PHPPDU/PDU/Helper.php on line 41
PHP Notice:  Undefined variable: index in /media/jackkum/0C08303308301DE0/web/PHPPDU/jackkum/PHPPDU/PDU/Helper.php on line 37
PHP Notice:  Undefined variable: index in /media/jackkum/0C08303308301DE0/web/PHPPDU/jackkum/PHPPDU/PDU/Helper.php on line 41
PHP Notice:  String offset cast occurred in /media/jackkum/0C08303308301DE0/web/PHPPDU/jackkum/PHPPDU/PDU/Helper.php on line 41
PHP Notice:  Undefined variable: index in /media/jackkum/0C08303308301DE0/web/PHPPDU/jackkum/PHPPDU/PDU/Helper.php on line 37
PHP Notice:  Undefined variable: index in /media/jackkum/0C08303308301DE0/web/PHPPDU/jackkum/PHPPDU/PDU/Helper.php on line 41
PHP Notice:  String offset cast occurred in /media/jackkum/0C08303308301DE0/web/PHPPDU/jackkum/PHPPDU/PDU/Helper.php on line 41
PHP Notice:  Undefined variable: index in /media/jackkum/0C08303308301DE0/web/PHPPDU/jackkum/PHPPDU/PDU/Helper.php on line 37
PHP Notice:  Undefined variable: index in /media/jackkum/0C08303308301DE0/web/PHPPDU/jackkum/PHPPDU/PDU/Helper.php on line 41
PHP Notice:  String offset cast occurred in /media/jackkum/0C08303308301DE0/web/PHPPDU/jackkum/PHPPDU/PDU/Helper.php on line 41
PHP Notice:  Undefined variable: index in /media/jackkum/0C08303308301DE0/web/PHPPDU/jackkum/PHPPDU/PDU/Helper.php on line 37
PHP Notice:  Undefined variable: index in /media/jackkum/0C08303308301DE0/web/PHPPDU/jackkum/PHPPDU/PDU/Helper.php on line 41
PHP Notice:  String offset cast occurred in /media/jackkum/0C08303308301DE0/web/PHPPDU/jackkum/PHPPDU/PDU/Helper.php on line 41
PHP Notice:  Undefined variable: index in /media/jackkum/0C08303308301DE0/web/PHPPDU/jackkum/PHPPDU/PDU/Helper.php on line 37
PHP Notice:  Undefined variable: index in /media/jackkum/0C08303308301DE0/web/PHPPDU/jackkum/PHPPDU/PDU/Helper.php on line 41
PHP Notice:  String offset cast occurred in /media/jackkum/0C08303308301DE0/web/PHPPDU/jackkum/PHPPDU/PDU/Helper.php on line 41
PHP Notice:  Undefined variable: index in /media/jackkum/0C08303308301DE0/web/PHPPDU/jackkum/PHPPDU/PDU/Helper.php on line 37
PHP Notice:  Undefined variable: index in /media/jackkum/0C08303308301DE0/web/PHPPDU/jackkum/PHPPDU/PDU/Helper.php on line 41
PHP Notice:  String offset cast occurred in /media/jackkum/0C08303308301DE0/web/PHPPDU/jackkum/PHPPDU/PDU/Helper.php on line 41
PHP Notice:  Undefined variable: index in /media/jackkum/0C08303308301DE0/web/PHPPDU/jackkum/PHPPDU/PDU/Helper.php on line 37
PHP Notice:  Undefined variable: index in /media/jackkum/0C08303308301DE0/web/PHPPDU/jackkum/PHPPDU/PDU/Helper.php on line 41
PHP Notice:  String offset cast occurred in /media/jackkum/0C08303308301DE0/web/PHPPDU/jackkum/PHPPDU/PDU/Helper.php on line 41
PHP Notice:  Undefined variable: index in /media/jackkum/0C08303308301DE0/web/PHPPDU/jackkum/PHPPDU/PDU/Helper.php on line 37
PHP Notice:  Undefined variable: index in /media/jackkum/0C08303308301DE0/web/PHPPDU/jackkum/PHPPDU/PDU/Helper.php on line 41
PHP Notice:  String offset cast occurred in /media/jackkum/0C08303308301DE0/web/PHPPDU/jackkum/PHPPDU/PDU/Helper.php on line 41
PHP Notice:  Undefined variable: index in /media/jackkum/0C08303308301DE0/web/PHPPDU/jackkum/PHPPDU/PDU/Helper.php on line 37
PHP Notice:  Undefined variable: index in /media/jackkum/0C08303308301DE0/web/PHPPDU/jackkum/PHPPDU/PDU/Helper.php on line 41
PHP Notice:  String offset cast occurred in /media/jackkum/0C08303308301DE0/web/PHPPDU/jackkum/PHPPDU/PDU/Helper.php on line 41
PHP Notice:  Undefined variable: index in /media/jackkum/0C08303308301DE0/web/PHPPDU/jackkum/PHPPDU/PDU/Helper.php on line 37
PHP Notice:  Undefined variable: index in /media/jackkum/0C08303308301DE0/web/PHPPDU/jackkum/PHPPDU/PDU/Helper.php on line 41
PHP Notice:  String offset cast occurred in /media/jackkum/0C08303308301DE0/web/PHPPDU/jackkum/PHPPDU/PDU/Helper.php on line 41
PHP Notice:  Undefined variable: index in /media/jackkum/0C08303308301DE0/web/PHPPDU/jackkum/PHPPDU/PDU/Helper.php on line 37
PHP Notice:  Undefined variable: index in /media/jackkum/0C08303308301DE0/web/PHPPDU/jackkum/PHPPDU/PDU/Helper.php on line 41
PHP Notice:  String offset cast occurred in /media/jackkum/0C08303308301DE0/web/PHPPDU/jackkum/PHPPDU/PDU/Helper.php on line 41
PHP Notice:  Undefined variable: index in /media/jackkum/0C08303308301DE0/web/PHPPDU/jackkum/PHPPDU/PDU/Helper.php on line 37
PHP Notice:  Undefined variable: index in /media/jackkum/0C08303308301DE0/web/PHPPDU/jackkum/PHPPDU/PDU/Helper.php on line 41
PHP Notice:  String offset cast occurred in /media/jackkum/0C08303308301DE0/web/PHPPDU/jackkum/PHPPDU/PDU/Helper.php on line 41
PHP Notice:  Undefined variable: index in /media/jackkum/0C08303308301DE0/web/PHPPDU/jackkum/PHPPDU/PDU/Helper.php on line 37
PHP Notice:  Undefined variable: index in /media/jackkum/0C08303308301DE0/web/PHPPDU/jackkum/PHPPDU/PDU/Helper.php on line 41
PHP Notice:  String offset cast occurred in /media/jackkum/0C08303308301DE0/web/PHPPDU/jackkum/PHPPDU/PDU/Helper.php on line 41
PHP Notice:  Undefined variable: index in /media/jackkum/0C08303308301DE0/web/PHPPDU/jackkum/PHPPDU/PDU/Helper.php on line 37
PHP Notice:  Undefined variable: index in /media/jackkum/0C08303308301DE0/web/PHPPDU/jackkum/PHPPDU/PDU/Helper.php on line 41
PHP Notice:  String offset cast occurred in /media/jackkum/0C08303308301DE0/web/PHPPDU/jackkum/PHPPDU/PDU/Helper.php on line 41
PHP Notice:  Undefined variable: index in /media/jackkum/0C08303308301DE0/web/PHPPDU/jackkum/PHPPDU/PDU/Helper.php on line 37
PHP Notice:  Undefined variable: index in /media/jackkum/0C08303308301DE0/web/PHPPDU/jackkum/PHPPDU/PDU/Helper.php on line 41
PHP Notice:  String offset cast occurred in /media/jackkum/0C08303308301DE0/web/PHPPDU/jackkum/PHPPDU/PDU/Helper.php on line 41
PHP Notice:  Undefined variable: index in /media/jackkum/0C08303308301DE0/web/PHPPDU/jackkum/PHPPDU/PDU/Helper.php on line 37
PHP Notice:  Undefined variable: index in /media/jackkum/0C08303308301DE0/web/PHPPDU/jackkum/PHPPDU/PDU/Helper.php on line 41
PHP Notice:  String offset cast occurred in /media/jackkum/0C08303308301DE0/web/PHPPDU/jackkum/PHPPDU/PDU/Helper.php on line 41
PHP Notice:  Undefined variable: index in /media/jackkum/0C08303308301DE0/web/PHPPDU/jackkum/PHPPDU/PDU/Helper.php on line 37
PHP Notice:  Undefined variable: index in /media/jackkum/0C08303308301DE0/web/PHPPDU/jackkum/PHPPDU/PDU/Helper.php on line 41
PHP Notice:  String offset cast occurred in /media/jackkum/0C08303308301DE0/web/PHPPDU/jackkum/PHPPDU/PDU/Helper.php on line 41
PHP Notice:  Undefined variable: index in /media/jackkum/0C08303308301DE0/web/PHPPDU/jackkum/PHPPDU/PDU/Helper.php on line 37
PHP Notice:  Undefined variable: index in /media/jackkum/0C08303308301DE0/web/PHPPDU/jackkum/PHPPDU/PDU/Helper.php on line 41
PHP Notice:  String offset cast occurred in /media/jackkum/0C08303308301DE0/web/PHPPDU/jackkum/PHPPDU/PDU/Helper.php on line 41
PHP Notice:  Undefined variable: index in /media/jackkum/0C08303308301DE0/web/PHPPDU/jackkum/PHPPDU/PDU/Helper.php on line 37
PHP Notice:  Undefined variable: index in /media/jackkum/0C08303308301DE0/web/PHPPDU/jackkum/PHPPDU/PDU/Helper.php on line 41
PHP Notice:  String offset cast occurred in /media/jackkum/0C08303308301DE0/web/PHPPDU/jackkum/PHPPDU/PDU/Helper.php on line 41
PHP Notice:  Undefined variable: index in /media/jackkum/0C08303308301DE0/web/PHPPDU/jackkum/PHPPDU/PDU/Helper.php on line 37
PHP Notice:  Undefined variable: index in /media/jackkum/0C08303308301DE0/web/PHPPDU/jackkum/PHPPDU/PDU/Helper.php on line 41
PHP Notice:  String offset cast occurred in /media/jackkum/0C08303308301DE0/web/PHPPDU/jackkum/PHPPDU/PDU/Helper.php on line 41
PHP Notice:  Undefined variable: index in /media/jackkum/0C08303308301DE0/web/PHPPDU/jackkum/PHPPDU/PDU/Helper.php on line 37
PHP Notice:  Undefined variable: index in /media/jackkum/0C08303308301DE0/web/PHPPDU/jackkum/PHPPDU/PDU/Helper.php on line 41
PHP Notice:  String offset cast occurred in /media/jackkum/0C08303308301DE0/web/PHPPDU/jackkum/PHPPDU/PDU/Helper.php on line 41
PHP Notice:  Undefined variable: index in /media/jackkum/0C08303308301DE0/web/PHPPDU/jackkum/PHPPDU/PDU/Helper.php on line 37
PHP Notice:  Undefined variable: index in /media/jackkum/0C08303308301DE0/web/PHPPDU/jackkum/PHPPDU/PDU/Helper.php on line 41
PHP Notice:  String offset cast occurred in /media/jackkum/0C08303308301DE0/web/PHPPDU/jackkum/PHPPDU/PDU/Helper.php on line 41
PHP Notice:  Undefined variable: index in /media/jackkum/0C08303308301DE0/web/PHPPDU/jackkum/PHPPDU/PDU/Helper.php on line 37
PHP Notice:  Undefined variable: index in /media/jackkum/0C08303308301DE0/web/PHPPDU/jackkum/PHPPDU/PDU/Helper.php on line 41
PHP Notice:  String offset cast occurred in /media/jackkum/0C08303308301DE0/web/PHPPDU/jackkum/PHPPDU/PDU/Helper.php on line 41
PHP Notice:  Undefined variable: index in /media/jackkum/0C08303308301DE0/web/PHPPDU/jackkum/PHPPDU/PDU/Helper.php on line 37
PHP Notice:  Undefined variable: index in /media/jackkum/0C08303308301DE0/web/PHPPDU/jackkum/PHPPDU/PDU/Helper.php on line 41
PHP Notice:  String offset cast occurred in /media/jackkum/0C08303308301DE0/web/PHPPDU/jackkum/PHPPDU/PDU/Helper.php on line 41
PHP Notice:  Undefined variable: index in /media/jackkum/0C08303308301DE0/web/PHPPDU/jackkum/PHPPDU/PDU/Helper.php on line 37
PHP Notice:  Undefined variable: index in /media/jackkum/0C08303308301DE0/web/PHPPDU/jackkum/PHPPDU/PDU/Helper.php on line 41
PHP Notice:  String offset cast occurred in /media/jackkum/0C08303308301DE0/web/PHPPDU/jackkum/PHPPDU/PDU/Helper.php on line 41
PHP Notice:  Undefined variable: index in /media/jackkum/0C08303308301DE0/web/PHPPDU/jackkum/PHPPDU/PDU/Helper.php on line 37
PHP Notice:  Undefined variable: index in /media/jackkum/0C08303308301DE0/web/PHPPDU/jackkum/PHPPDU/PDU/Helper.php on line 41
PHP Notice:  String offset cast occurred in /media/jackkum/0C08303308301DE0/web/PHPPDU/jackkum/PHPPDU/PDU/Helper.php on line 41
PHP Notice:  Undefined variable: index in /media/jackkum/0C08303308301DE0/web/PHPPDU/jackkum/PHPPDU/PDU/Helper.php on line 37
PHP Notice:  Undefined variable: index in /media/jackkum/0C08303308301DE0/web/PHPPDU/jackkum/PHPPDU/PDU/Helper.php on line 41
PHP Notice:  String offset cast occurred in /media/jackkum/0C08303308301DE0/web/PHPPDU/jackkum/PHPPDU/PDU/Helper.php on line 41
PHP Notice:  Undefined variable: index in /media/jackkum/0C08303308301DE0/web/PHPPDU/jackkum/PHPPDU/PDU/Helper.php on line 37
PHP Notice:  Undefined variable: index in /media/jackkum/0C08303308301DE0/web/PHPPDU/jackkum/PHPPDU/PDU/Helper.php on line 41
PHP Notice:  String offset cast occurred in /media/jackkum/0C08303308301DE0/web/PHPPDU/jackkum/PHPPDU/PDU/Helper.php on line 41
PHP Notice:  Undefined variable: index in /media/jackkum/0C08303308301DE0/web/PHPPDU/jackkum/PHPPDU/PDU/Helper.php on line 37
PHP Notice:  Undefined variable: index in /media/jackkum/0C08303308301DE0/web/PHPPDU/jackkum/PHPPDU/PDU/Helper.php on line 41
PHP Notice:  String offset cast occurred in /media/jackkum/0C08303308301DE0/web/PHPPDU/jackkum/PHPPDU/PDU/Helper.php on line 41
PHP Notice:  Undefined variable: index in /media/jackkum/0C08303308301DE0/web/PHPPDU/jackkum/PHPPDU/PDU/Helper.php on line 37
PHP Notice:  Undefined variable: index in /media/jackkum/0C08303308301DE0/web/PHPPDU/jackkum/PHPPDU/PDU/Helper.php on line 41
PHP Notice:  String offset cast occurred in /media/jackkum/0C08303308301DE0/web/PHPPDU/jackkum/PHPPDU/PDU/Helper.php on line 41
PHP Notice:  Undefined variable: index in /media/jackkum/0C08303308301DE0/web/PHPPDU/jackkum/PHPPDU/PDU/Helper.php on line 37
PHP Notice:  Undefined variable: index in /media/jackkum/0C08303308301DE0/web/PHPPDU/jackkum/PHPPDU/PDU/Helper.php on line 41
PHP Notice:  String offset cast occurred in /media/jackkum/0C08303308301DE0/web/PHPPDU/jackkum/PHPPDU/PDU/Helper.php on line 41
PHP Notice:  Undefined variable: index in /media/jackkum/0C08303308301DE0/web/PHPPDU/jackkum/PHPPDU/PDU/Helper.php on line 37
PHP Notice:  Undefined variable: index in /media/jackkum/0C08303308301DE0/web/PHPPDU/jackkum/PHPPDU/PDU/Helper.php on line 41
PHP Notice:  String offset cast occurred in /media/jackkum/0C08303308301DE0/web/PHPPDU/jackkum/PHPPDU/PDU/Helper.php on line 41
PHP Notice:  Undefined variable: index in /media/jackkum/0C08303308301DE0/web/PHPPDU/jackkum/PHPPDU/PDU/Helper.php on line 37
PHP Notice:  Undefined variable: index in /media/jackkum/0C08303308301DE0/web/PHPPDU/jackkum/PHPPDU/PDU/Helper.php on line 41
PHP Notice:  String offset cast occurred in /media/jackkum/0C08303308301DE0/web/PHPPDU/jackkum/PHPPDU/PDU/Helper.php on line 41
PHP Notice:  Undefined variable: index in /media/jackkum/0C08303308301DE0/web/PHPPDU/jackkum/PHPPDU/PDU/Helper.php on line 37
PHP Notice:  Undefined variable: index in /media/jackkum/0C08303308301DE0/web/PHPPDU/jackkum/PHPPDU/PDU/Helper.php on line 41
PHP Notice:  String offset cast occurred in /media/jackkum/0C08303308301DE0/web/PHPPDU/jackkum/PHPPDU/PDU/Helper.php on line 41
PHP Notice:  Undefined variable: index in /media/jackkum/0C08303308301DE0/web/PHPPDU/jackkum/PHPPDU/PDU/Helper.php on line 37
PHP Notice:  Undefined variable: index in /media/jackkum/0C08303308301DE0/web/PHPPDU/jackkum/PHPPDU/PDU/Helper.php on line 41
PHP Notice:  String offset cast occurred in /media/jackkum/0C08303308301DE0/web/PHPPDU/jackkum/PHPPDU/PDU/Helper.php on line 41
PHP Notice:  Undefined variable: index in /media/jackkum/0C08303308301DE0/web/PHPPDU/jackkum/PHPPDU/PDU/Helper.php on line 37
PHP Notice:  Undefined variable: index in /media/jackkum/0C08303308301DE0/web/PHPPDU/jackkum/PHPPDU/PDU/Helper.php on line 41
PHP Notice:  String offset cast occurred in /media/jackkum/0C08303308301DE0/web/PHPPDU/jackkum/PHPPDU/PDU/Helper.php on line 41
PHP Notice:  Undefined variable: index in /media/jackkum/0C08303308301DE0/web/PHPPDU/jackkum/PHPPDU/PDU/Helper.php on line 37
PHP Notice:  Undefined variable: index in /media/jackkum/0C08303308301DE0/web/PHPPDU/jackkum/PHPPDU/PDU/Helper.php on line 41
PHP Notice:  String offset cast occurred in /media/jackkum/0C08303308301DE0/web/PHPPDU/jackkum/PHPPDU/PDU/Helper.php on line 41
PHP Notice:  Undefined variable: index in /media/jackkum/0C08303308301DE0/web/PHPPDU/jackkum/PHPPDU/PDU/Helper.php on line 37
PHP Notice:  Undefined variable: index in /media/jackkum/0C08303308301DE0/web/PHPPDU/jackkum/PHPPDU/PDU/Helper.php on line 41
PHP Notice:  String offset cast occurred in /media/jackkum/0C08303308301DE0/web/PHPPDU/jackkum/PHPPDU/PDU/Helper.php on line 41
PHP Notice:  Undefined variable: index in /media/jackkum/0C08303308301DE0/web/PHPPDU/jackkum/PHPPDU/PDU/Helper.php on line 37
PHP Notice:  Undefined variable: index in /media/jackkum/0C08303308301DE0/web/PHPPDU/jackkum/PHPPDU/PDU/Helper.php on line 41
PHP Notice:  String offset cast occurred in /media/jackkum/0C08303308301DE0/web/PHPPDU/jackkum/PHPPDU/PDU/Helper.php on line 41
PHP Notice:  Undefined variable: index in /media/jackkum/0C08303308301DE0/web/PHPPDU/jackkum/PHPPDU/PDU/Helper.php on line 37
PHP Notice:  Undefined variable: index in /media/jackkum/0C08303308301DE0/web/PHPPDU/jackkum/PHPPDU/PDU/Helper.php on line 41
PHP Notice:  String offset cast occurred in /media/jackkum/0C08303308301DE0/web/PHPPDU/jackkum/PHPPDU/PDU/Helper.php on line 41
PHP Notice:  Undefined variable: index in /media/jackkum/0C08303308301DE0/web/PHPPDU/jackkum/PHPPDU/PDU/Helper.php on line 37
PHP Notice:  Undefined variable: index in /media/jackkum/0C08303308301DE0/web/PHPPDU/jackkum/PHPPDU/PDU/Helper.php on line 41
PHP Notice:  String offset cast occurred in /media/jackkum/0C08303308301DE0/web/PHPPDU/jackkum/PHPPDU/PDU/Helper.php on line 41
PHP Notice:  Undefined variable: index in /media/jackkum/0C08303308301DE0/web/PHPPDU/jackkum/PHPPDU/PDU/Helper.php on line 37
PHP Notice:  Undefined variable: index in /media/jackkum/0C08303308301DE0/web/PHPPDU/jackkum/PHPPDU/PDU/Helper.php on line 41
PHP Notice:  String offset cast occurred in /media/jackkum/0C08303308301DE0/web/PHPPDU/jackkum/PHPPDU/PDU/Helper.php on line 41
PHP Notice:  Undefined variable: index in /media/jackkum/0C08303308301DE0/web/PHPPDU/jackkum/PHPPDU/PDU/Helper.php on line 37
PHP Notice:  Undefined variable: index in /media/jackkum/0C08303308301DE0/web/PHPPDU/jackkum/PHPPDU/PDU/Helper.php on line 41
PHP Notice:  String offset cast occurred in /media/jackkum/0C08303308301DE0/web/PHPPDU/jackkum/PHPPDU/PDU/Helper.php on line 41
PHP Notice:  Undefined variable: index in /media/jackkum/0C08303308301DE0/web/PHPPDU/jackkum/PHPPDU/PDU/Helper.php on line 37
PHP Notice:  Undefined variable: index in /media/jackkum/0C08303308301DE0/web/PHPPDU/jackkum/PHPPDU/PDU/Helper.php on line 41
PHP Notice:  String offset cast occurred in /media/jackkum/0C08303308301DE0/web/PHPPDU/jackkum/PHPPDU/PDU/Helper.php on line 41
PHP Notice:  Undefined variable: index in /media/jackkum/0C08303308301DE0/web/PHPPDU/jackkum/PHPPDU/PDU/Helper.php on line 37
PHP Notice:  Undefined variable: index in /media/jackkum/0C08303308301DE0/web/PHPPDU/jackkum/PHPPDU/PDU/Helper.php on line 41
PHP Notice:  String offset cast occurred in /media/jackkum/0C08303308301DE0/web/PHPPDU/jackkum/PHPPDU/PDU/Helper.php on line 41
PHP Notice:  Undefined variable: index in /media/jackkum/0C08303308301DE0/web/PHPPDU/jackkum/PHPPDU/PDU/Helper.php on line 37
PHP Notice:  Undefined variable: index in /media/jackkum/0C08303308301DE0/web/PHPPDU/jackkum/PHPPDU/PDU/Helper.php on line 41
PHP Notice:  String offset cast occurred in /media/jackkum/0C08303308301DE0/web/PHPPDU/jackkum/PHPPDU/PDU/Helper.php on line 41
PHP Notice:  Undefined variable: index in /media/jackkum/0C08303308301DE0/web/PHPPDU/jackkum/PHPPDU/PDU/Helper.php on line 37
PHP Notice:  Undefined variable: index in /media/jackkum/0C08303308301DE0/web/PHPPDU/jackkum/PHPPDU/PDU/Helper.php on line 41
PHP Notice:  String offset cast occurred in /media/jackkum/0C08303308301DE0/web/PHPPDU/jackkum/PHPPDU/PDU/Helper.php on line 41
PHP Notice:  Undefined variable: index in /media/jackkum/0C08303308301DE0/web/PHPPDU/jackkum/PHPPDU/PDU/Helper.php on line 37
PHP Notice:  Undefined variable: index in /media/jackkum/0C08303308301DE0/web/PHPPDU/jackkum/PHPPDU/PDU/Helper.php on line 41
PHP Notice:  String offset cast occurred in /media/jackkum/0C08303308301DE0/web/PHPPDU/jackkum/PHPPDU/PDU/Helper.php on line 41
PHP Notice:  Undefined variable: index in /media/jackkum/0C08303308301DE0/web/PHPPDU/jackkum/PHPPDU/PDU/Helper.php on line 37
PHP Notice:  Undefined variable: index in /media/jackkum/0C08303308301DE0/web/PHPPDU/jackkum/PHPPDU/PDU/Helper.php on line 41
PHP Notice:  String offset cast occurred in /media/jackkum/0C08303308301DE0/web/PHPPDU/jackkum/PHPPDU/PDU/Helper.php on line 41
PHP Notice:  Undefined variable: index in /media/jackkum/0C08303308301DE0/web/PHPPDU/jackkum/PHPPDU/PDU/Helper.php on line 37
PHP Notice:  Undefined variable: index in /media/jackkum/0C08303308301DE0/web/PHPPDU/jackkum/PHPPDU/PDU/Helper.php on line 41
PHP Notice:  String offset cast occurred in /media/jackkum/0C08303308301DE0/web/PHPPDU/jackkum/PHPPDU/PDU/Helper.php on line 41
PHP Notice:  Undefined variable: index in /media/jackkum/0C08303308301DE0/web/PHPPDU/jackkum/PHPPDU/PDU/Helper.php on line 37
PHP Notice:  Undefined variable: index in /media/jackkum/0C08303308301DE0/web/PHPPDU/jackkum/PHPPDU/PDU/Helper.php on line 41
PHP Notice:  String offset cast occurred in /media/jackkum/0C08303308301DE0/web/PHPPDU/jackkum/PHPPDU/PDU/Helper.php on line 41
PHP Notice:  Undefined variable: index in /media/jackkum/0C08303308301DE0/web/PHPPDU/jackkum/PHPPDU/PDU/Helper.php on line 37
PHP Notice:  Undefined variable: index in /media/jackkum/0C08303308301DE0/web/PHPPDU/jackkum/PHPPDU/PDU/Helper.php on line 41
PHP Notice:  String offset cast occurred in /media/jackkum/0C08303308301DE0/web/PHPPDU/jackkum/PHPPDU/PDU/Helper.php on line 41
PHP Notice:  Undefined variable: index in /media/jackkum/0C08303308301DE0/web/PHPPDU/jackkum/PHPPDU/PDU/Helper.php on line 37
PHP Notice:  Undefined variable: index in /media/jackkum/0C08303308301DE0/web/PHPPDU/jackkum/PHPPDU/PDU/Helper.php on line 41
PHP Notice:  String offset cast occurred in /media/jackkum/0C08303308301DE0/web/PHPPDU/jackkum/PHPPDU/PDU/Helper.php on line 41
PHP Notice:  Undefined variable: index in /media/jackkum/0C08303308301DE0/web/PHPPDU/jackkum/PHPPDU/PDU/Helper.php on line 37
PHP Notice:  Undefined variable: index in /media/jackkum/0C08303308301DE0/web/PHPPDU/jackkum/PHPPDU/PDU/Helper.php on line 41
PHP Notice:  String offset cast occurred in /media/jackkum/0C08303308301DE0/web/PHPPDU/jackkum/PHPPDU/PDU/Helper.php on line 41
PHP Notice:  Undefined variable: index in /media/jackkum/0C08303308301DE0/web/PHPPDU/jackkum/PHPPDU/PDU/Helper.php on line 37
PHP Notice:  Undefined variable: index in /media/jackkum/0C08303308301DE0/web/PHPPDU/jackkum/PHPPDU/PDU/Helper.php on line 41
PHP Notice:  String offset cast occurred in /media/jackkum/0C08303308301DE0/web/PHPPDU/jackkum/PHPPDU/PDU/Helper.php on line 41
PHP Notice:  Undefined variable: index in /media/jackkum/0C08303308301DE0/web/PHPPDU/jackkum/PHPPDU/PDU/Helper.php on line 37
PHP Notice:  Undefined variable: index in /media/jackkum/0C08303308301DE0/web/PHPPDU/jackkum/PHPPDU/PDU/Helper.php on line 41
PHP Notice:  String offset cast occurred in /media/jackkum/0C08303308301DE0/web/PHPPDU/jackkum/PHPPDU/PDU/Helper.php on line 41
PHP Notice:  Undefined variable: index in /media/jackkum/0C08303308301DE0/web/PHPPDU/jackkum/PHPPDU/PDU/Helper.php on line 37
PHP Notice:  Undefined variable: index in /media/jackkum/0C08303308301DE0/web/PHPPDU/jackkum/PHPPDU/PDU/Helper.php on line 41
PHP Notice:  String offset cast occurred in /media/jackkum/0C08303308301DE0/web/PHPPDU/jackkum/PHPPDU/PDU/Helper.php on line 41
PHP Notice:  Undefined variable: index in /media/jackkum/0C08303308301DE0/web/PHPPDU/jackkum/PHPPDU/PDU/Helper.php on line 37
PHP Notice:  Undefined variable: index in /media/jackkum/0C08303308301DE0/web/PHPPDU/jackkum/PHPPDU/PDU/Helper.php on line 41
PHP Notice:  String offset cast occurred in /media/jackkum/0C08303308301DE0/web/PHPPDU/jackkum/PHPPDU/PDU/Helper.php on line 41
PHP Notice:  Undefined variable: index in /media/jackkum/0C08303308301DE0/web/PHPPDU/jackkum/PHPPDU/PDU/Helper.php on line 37
PHP Notice:  Undefined variable: index in /media/jackkum/0C08303308301DE0/web/PHPPDU/jackkum/PHPPDU/PDU/Helper.php on line 41
PHP Notice:  String offset cast occurred in /media/jackkum/0C08303308301DE0/web/PHPPDU/jackkum/PHPPDU/PDU/Helper.php on line 41
PHP Notice:  Undefined variable: index in /media/jackkum/0C08303308301DE0/web/PHPPDU/jackkum/PHPPDU/PDU/Helper.php on line 37
PHP Notice:  Undefined variable: index in /media/jackkum/0C08303308301DE0/web/PHPPDU/jackkum/PHPPDU/PDU/Helper.php on line 41
PHP Notice:  String offset cast occurred in /media/jackkum/0C08303308301DE0/web/PHPPDU/jackkum/PHPPDU/PDU/Helper.php on line 41
PHP Notice:  Undefined variable: index in /media/jackkum/0C08303308301DE0/web/PHPPDU/jackkum/PHPPDU/PDU/Helper.php on line 37
PHP Notice:  Undefined variable: index in /media/jackkum/0C08303308301DE0/web/PHPPDU/jackkum/PHPPDU/PDU/Helper.php on line 41
PHP Notice:  String offset cast occurred in /media/jackkum/0C08303308301DE0/web/PHPPDU/jackkum/PHPPDU/PDU/Helper.php on line 41
PHP Notice:  Undefined variable: index in /media/jackkum/0C08303308301DE0/web/PHPPDU/jackkum/PHPPDU/PDU/Helper.php on line 37
PHP Notice:  Undefined variable: index in /media/jackkum/0C08303308301DE0/web/PHPPDU/jackkum/PHPPDU/PDU/Helper.php on line 41
PHP Notice:  String offset cast occurred in /media/jackkum/0C08303308301DE0/web/PHPPDU/jackkum/PHPPDU/PDU/Helper.php on line 41
PHP Notice:  Undefined variable: index in /media/jackkum/0C08303308301DE0/web/PHPPDU/jackkum/PHPPDU/PDU/Helper.php on line 37
PHP Notice:  Undefined variable: index in /media/jackkum/0C08303308301DE0/web/PHPPDU/jackkum/PHPPDU/PDU/Helper.php on line 41
PHP Notice:  String offset cast occurred in /media/jackkum/0C08303308301DE0/web/PHPPDU/jackkum/PHPPDU/PDU/Helper.php on line 41
PHP Notice:  Undefined variable: index in /media/jackkum/0C08303308301DE0/web/PHPPDU/jackkum/PHPPDU/PDU/Helper.php on line 37
PHP Notice:  Undefined variable: index in /media/jackkum/0C08303308301DE0/web/PHPPDU/jackkum/PHPPDU/PDU/Helper.php on line 41
PHP Notice:  String offset cast occurred in /media/jackkum/0C08303308301DE0/web/PHPPDU/jackkum/PHPPDU/PDU/Helper.php on line 41
PHP Notice:  Undefined variable: index in /media/jackkum/0C08303308301DE0/web/PHPPDU/jackkum/PHPPDU/PDU/Helper.php on line 37
PHP Notice:  Undefined variable: index in /media/jackkum/0C08303308301DE0/web/PHPPDU/jackkum/PHPPDU/PDU/Helper.php on line 41
PHP Notice:  String offset cast occurred in /media/jackkum/0C08303308301DE0/web/PHPPDU/jackkum/PHPPDU/PDU/Helper.php on line 41
PHP Notice:  Undefined variable: index in /media/jackkum/0C08303308301DE0/web/PHPPDU/jackkum/PHPPDU/PDU/Helper.php on line 37
PHP Notice:  Undefined variable: index in /media/jackkum/0C08303308301DE0/web/PHPPDU/jackkum/PHPPDU/PDU/Helper.php on line 41
PHP Notice:  String offset cast occurred in /media/jackkum/0C08303308301DE0/web/PHPPDU/jackkum/PHPPDU/PDU/Helper.php on line 41
PHP Notice:  Undefined variable: index in /media/jackkum/0C08303308301DE0/web/PHPPDU/jackkum/PHPPDU/PDU/Helper.php on line 37
PHP Notice:  Undefined variable: index in /media/jackkum/0C08303308301DE0/web/PHPPDU/jackkum/PHPPDU/PDU/Helper.php on line 41
PHP Notice:  String offset cast occurred in /media/jackkum/0C08303308301DE0/web/PHPPDU/jackkum/PHPPDU/PDU/Helper.php on line 41
PHP Notice:  Undefined variable: index in /media/jackkum/0C08303308301DE0/web/PHPPDU/jackkum/PHPPDU/PDU/Helper.php on line 37
PHP Notice:  Undefined variable: index in /media/jackkum/0C08303308301DE0/web/PHPPDU/jackkum/PHPPDU/PDU/Helper.php on line 41
PHP Notice:  String offset cast occurred in /media/jackkum/0C08303308301DE0/web/PHPPDU/jackkum/PHPPDU/PDU/Helper.php on line 41
PHP Notice:  Undefined variable: index in /media/jackkum/0C08303308301DE0/web/PHPPDU/jackkum/PHPPDU/PDU/Helper.php on line 37
PHP Notice:  Undefined variable: index in /media/jackkum/0C08303308301DE0/web/PHPPDU/jackkum/PHPPDU/PDU/Helper.php on line 41
PHP Notice:  String offset cast occurred in /media/jackkum/0C08303308301DE0/web/PHPPDU/jackkum/PHPPDU/PDU/Helper.php on line 41
PHP Notice:  Undefined variable: index in /media/jackkum/0C08303308301DE0/web/PHPPDU/jackkum/PHPPDU/PDU/Helper.php on line 37
PHP Notice:  Undefined variable: index in /media/jackkum/0C08303308301DE0/web/PHPPDU/jackkum/PHPPDU/PDU/Helper.php on line 41
PHP Notice:  String offset cast occurred in /media/jackkum/0C08303308301DE0/web/PHPPDU/jackkum/PHPPDU/PDU/Helper.php on line 41
PHP Notice:  Undefined variable: index in /media/jackkum/0C08303308301DE0/web/PHPPDU/jackkum/PHPPDU/PDU/Helper.php on line 37
PHP Notice:  Undefined variable: index in /media/jackkum/0C08303308301DE0/web/PHPPDU/jackkum/PHPPDU/PDU/Helper.php on line 41
PHP Notice:  String offset cast occurred in /media/jackkum/0C08303308301DE0/web/PHPPDU/jackkum/PHPPDU/PDU/Helper.php on line 41
PHP Notice:  Undefined variable: index in /media/jackkum/0C08303308301DE0/web/PHPPDU/jackkum/PHPPDU/PDU/Helper.php on line 37
PHP Notice:  Undefined variable: index in /media/jackkum/0C08303308301DE0/web/PHPPDU/jackkum/PHPPDU/PDU/Helper.php on line 41
PHP Notice:  String offset cast occurred in /media/jackkum/0C08303308301DE0/web/PHPPDU/jackkum/PHPPDU/PDU/Helper.php on line 41
PHP Notice:  Undefined variable: index in /media/jackkum/0C08303308301DE0/web/PHPPDU/jackkum/PHPPDU/PDU/Helper.php on line 37
PHP Notice:  Undefined variable: index in /media/jackkum/0C08303308301DE0/web/PHPPDU/jackkum/PHPPDU/PDU/Helper.php on line 41
PHP Notice:  String offset cast occurred in /media/jackkum/0C08303308301DE0/web/PHPPDU/jackkum/PHPPDU/PDU/Helper.php on line 41
PHP Notice:  Undefined variable: index in /media/jackkum/0C08303308301DE0/web/PHPPDU/jackkum/PHPPDU/PDU/Helper.php on line 37
PHP Notice:  Undefined variable: index in /media/jackkum/0C08303308301DE0/web/PHPPDU/jackkum/PHPPDU/PDU/Helper.php on line 41
PHP Notice:  String offset cast occurred in /media/jackkum/0C08303308301DE0/web/PHPPDU/jackkum/PHPPDU/PDU/Helper.php on line 41
PHP Notice:  Undefined variable: index in /media/jackkum/0C08303308301DE0/web/PHPPDU/jackkum/PHPPDU/PDU/Helper.php on line 37
PHP Notice:  Undefined variable: index in /media/jackkum/0C08303308301DE0/web/PHPPDU/jackkum/PHPPDU/PDU/Helper.php on line 41
PHP Notice:  String offset cast occurred in /media/jackkum/0C08303308301DE0/web/PHPPDU/jackkum/PHPPDU/PDU/Helper.php on line 41
PHP Notice:  Undefined variable: index in /media/jackkum/0C08303308301DE0/web/PHPPDU/jackkum/PHPPDU/PDU/Helper.php on line 37
PHP Notice:  Undefined variable: index in /media/jackkum/0C08303308301DE0/web/PHPPDU/jackkum/PHPPDU/PDU/Helper.php on line 41
PHP Notice:  String offset cast occurred in /media/jackkum/0C08303308301DE0/web/PHPPDU/jackkum/PHPPDU/PDU/Helper.php on line 41
PHP Notice:  Undefined variable: index in /media/jackkum/0C08303308301DE0/web/PHPPDU/jackkum/PHPPDU/PDU/Helper.php on line 37
PHP Notice:  Undefined variable: index in /media/jackkum/0C08303308301DE0/web/PHPPDU/jackkum/PHPPDU/PDU/Helper.php on line 41
PHP Notice:  String offset cast occurred in /media/jackkum/0C08303308301DE0/web/PHPPDU/jackkum/PHPPDU/PDU/Helper.php on line 41
PHP Notice:  Undefined variable: index in /media/jackkum/0C08303308301DE0/web/PHPPDU/jackkum/PHPPDU/PDU/Helper.php on line 37
PHP Notice:  Undefined variable: index in /media/jackkum/0C08303308301DE0/web/PHPPDU/jackkum/PHPPDU/PDU/Helper.php on line 41
PHP Notice:  String offset cast occurred in /media/jackkum/0C08303308301DE0/web/PHPPDU/jackkum/PHPPDU/PDU/Helper.php on line 41
PHP Notice:  Undefined variable: index in /media/jackkum/0C08303308301DE0/web/PHPPDU/jackkum/PHPPDU/PDU/Helper.php on line 37
PHP Notice:  Undefined variable: index in /media/jackkum/0C08303308301DE0/web/PHPPDU/jackkum/PHPPDU/PDU/Helper.php on line 41
PHP Notice:  String offset cast occurred in /media/jackkum/0C08303308301DE0/web/PHPPDU/jackkum/PHPPDU/PDU/Helper.php on line 41
PHP Notice:  Undefined variable: index in /media/jackkum/0C08303308301DE0/web/PHPPDU/jackkum/PHPPDU/PDU/Helper.php on line 37
PHP Notice:  Undefined variable: index in /media/jackkum/0C08303308301DE0/web/PHPPDU/jackkum/PHPPDU/PDU/Helper.php on line 41
PHP Notice:  String offset cast occurred in /media/jackkum/0C08303308301DE0/web/PHPPDU/jackkum/PHPPDU/PDU/Helper.php on line 41
PHP Notice:  Undefined variable: index in /media/jackkum/0C08303308301DE0/web/PHPPDU/jackkum/PHPPDU/PDU/Helper.php on line 37
PHP Notice:  Undefined variable: index in /media/jackkum/0C08303308301DE0/web/PHPPDU/jackkum/PHPPDU/PDU/Helper.php on line 41
PHP Notice:  String offset cast occurred in /media/jackkum/0C08303308301DE0/web/PHPPDU/jackkum/PHPPDU/PDU/Helper.php on line 41
PHP Notice:  Undefined variable: index in /media/jackkum/0C08303308301DE0/web/PHPPDU/jackkum/PHPPDU/PDU/Helper.php on line 37
PHP Notice:  Undefined variable: index in /media/jackkum/0C08303308301DE0/web/PHPPDU/jackkum/PHPPDU/PDU/Helper.php on line 41
PHP Notice:  String offset cast occurred in /media/jackkum/0C08303308301DE0/web/PHPPDU/jackkum/PHPPDU/PDU/Helper.php on line 41
PHP Notice:  Undefined variable: index in /media/jackkum/0C08303308301DE0/web/PHPPDU/jackkum/PHPPDU/PDU/Helper.php on line 37
PHP Notice:  Undefined variable: index in /media/jackkum/0C08303308301DE0/web/PHPPDU/jackkum/PHPPDU/PDU/Helper.php on line 41
PHP Notice:  String offset cast occurred in /media/jackkum/0C08303308301DE0/web/PHPPDU/jackkum/PHPPDU/PDU/Helper.php on line 41
PHP Notice:  Undefined variable: index in /media/jackkum/0C08303308301DE0/web/PHPPDU/jackkum/PHPPDU/PDU/Helper.php on line 37
PHP Notice:  Undefined variable: index in /media/jackkum/0C08303308301DE0/web/PHPPDU/jackkum/PHPPDU/PDU/Helper.php on line 41
PHP Notice:  String offset cast occurred in /media/jackkum/0C08303308301DE0/web/PHPPDU/jackkum/PHPPDU/PDU/Helper.php on line 41
PHP Notice:  Undefined variable: index in /media/jackkum/0C08303308301DE0/web/PHPPDU/jackkum/PHPPDU/PDU/Helper.php on line 37
PHP Notice:  Undefined variable: index in /media/jackkum/0C08303308301DE0/web/PHPPDU/jackkum/PHPPDU/PDU/Helper.php on line 41
PHP Notice:  String offset cast occurred in /media/jackkum/0C08303308301DE0/web/PHPPDU/jackkum/PHPPDU/PDU/Helper.php on line 41
PHP Notice:  Undefined variable: index in /media/jackkum/0C08303308301DE0/web/PHPPDU/jackkum/PHPPDU/PDU/Helper.php on line 37
PHP Notice:  Undefined variable: index in /media/jackkum/0C08303308301DE0/web/PHPPDU/jackkum/PHPPDU/PDU/Helper.php on line 41
PHP Notice:  String offset cast occurred in /media/jackkum/0C08303308301DE0/web/PHPPDU/jackkum/PHPPDU/PDU/Helper.php on line 41
PHP Notice:  Undefined variable: index in /media/jackkum/0C08303308301DE0/web/PHPPDU/jackkum/PHPPDU/PDU/Helper.php on line 37
PHP Notice:  Undefined variable: index in /media/jackkum/0C08303308301DE0/web/PHPPDU/jackkum/PHPPDU/PDU/Helper.php on line 41
PHP Notice:  String offset cast occurred in /media/jackkum/0C08303308301DE0/web/PHPPDU/jackkum/PHPPDU/PDU/Helper.php on line 41
PHP Notice:  Undefined variable: index in /media/jackkum/0C08303308301DE0/web/PHPPDU/jackkum/PHPPDU/PDU/Helper.php on line 37
PHP Notice:  Undefined variable: index in /media/jackkum/0C08303308301DE0/web/PHPPDU/jackkum/PHPPDU/PDU/Helper.php on line 41
PHP Notice:  String offset cast occurred in /media/jackkum/0C08303308301DE0/web/PHPPDU/jackkum/PHPPDU/PDU/Helper.php on line 41
PHP Notice:  Undefined variable: index in /media/jackkum/0C08303308301DE0/web/PHPPDU/jackkum/PHPPDU/PDU/Helper.php on line 37
PHP Notice:  Undefined variable: index in /media/jackkum/0C08303308301DE0/web/PHPPDU/jackkum/PHPPDU/PDU/Helper.php on line 41
PHP Notice:  String offset cast occurred in /media/jackkum/0C08303308301DE0/web/PHPPDU/jackkum/PHPPDU/PDU/Helper.php on line 41
PHP Notice:  Undefined variable: index in /media/jackkum/0C08303308301DE0/web/PHPPDU/jackkum/PHPPDU/PDU/Helper.php on line 37
PHP Notice:  Undefined variable: index in /media/jackkum/0C08303308301DE0/web/PHPPDU/jackkum/PHPPDU/PDU/Helper.php on line 41
PHP Notice:  String offset cast occurred in /media/jackkum/0C08303308301DE0/web/PHPPDU/jackkum/PHPPDU/PDU/Helper.php on line 41
PHP Notice:  Undefined variable: index in /media/jackkum/0C08303308301DE0/web/PHPPDU/jackkum/PHPPDU/PDU/Helper.php on line 37
PHP Notice:  Undefined variable: index in /media/jackkum/0C08303308301DE0/web/PHPPDU/jackkum/PHPPDU/PDU/Helper.php on line 41
PHP Notice:  String offset cast occurred in /media/jackkum/0C08303308301DE0/web/PHPPDU/jackkum/PHPPDU/PDU/Helper.php on line 41
PHP Notice:  Undefined variable: index in /media/jackkum/0C08303308301DE0/web/PHPPDU/jackkum/PHPPDU/PDU/Helper.php on line 37
PHP Notice:  Undefined variable: index in /media/jackkum/0C08303308301DE0/web/PHPPDU/jackkum/PHPPDU/PDU/Helper.php on line 41
PHP Notice:  String offset cast occurred in /media/jackkum/0C08303308301DE0/web/PHPPDU/jackkum/PHPPDU/PDU/Helper.php on line 41
PHP Notice:  Undefined variable: index in /media/jackkum/0C08303308301DE0/web/PHPPDU/jackkum/PHPPDU/PDU/Helper.php on line 37
PHP Notice:  Undefined variable: index in /media/jackkum/0C08303308301DE0/web/PHPPDU/jackkum/PHPPDU/PDU/Helper.php on line 41
PHP Notice:  String offset cast occurred in /media/jackkum/0C08303308301DE0/web/PHPPDU/jackkum/PHPPDU/PDU/Helper.php on line 41
PHP Notice:  Undefined variable: index in /media/jackkum/0C08303308301DE0/web/PHPPDU/jackkum/PHPPDU/PDU/Helper.php on line 37
PHP Notice:  Undefined variable: index in /media/jackkum/0C08303308301DE0/web/PHPPDU/jackkum/PHPPDU/PDU/Helper.php on line 41
PHP Notice:  String offset cast occurred in /media/jackkum/0C08303308301DE0/web/PHPPDU/jackkum/PHPPDU/PDU/Helper.php on line 41
PHP Notice:  Undefined variable: index in /media/jackkum/0C08303308301DE0/web/PHPPDU/jackkum/PHPPDU/PDU/Helper.php on line 37
PHP Notice:  Undefined variable: index in /media/jackkum/0C08303308301DE0/web/PHPPDU/jackkum/PHPPDU/PDU/Helper.php on line 41
PHP Notice:  String offset cast occurred in /media/jackkum/0C08303308301DE0/web/PHPPDU/jackkum/PHPPDU/PDU/Helper.php on line 41
PHP Notice:  Undefined variable: index in /media/jackkum/0C08303308301DE0/web/PHPPDU/jackkum/PHPPDU/PDU/Helper.php on line 37
PHP Notice:  Undefined variable: index in /media/jackkum/0C08303308301DE0/web/PHPPDU/jackkum/PHPPDU/PDU/Helper.php on line 41
PHP Notice:  String offset cast occurred in /media/jackkum/0C08303308301DE0/web/PHPPDU/jackkum/PHPPDU/PDU/Helper.php on line 41
PHP Notice:  Undefined variable: index in /media/jackkum/0C08303308301DE0/web/PHPPDU/jackkum/PHPPDU/PDU/Helper.php on line 37
PHP Notice:  Undefined variable: index in /media/jackkum/0C08303308301DE0/web/PHPPDU/jackkum/PHPPDU/PDU/Helper.php on line 41
PHP Notice:  String offset cast occurred in /media/jackkum/0C08303308301DE0/web/PHPPDU/jackkum/PHPPDU/PDU/Helper.php on line 41
PHP Notice:  Undefined variable: index in /media/jackkum/0C08303308301DE0/web/PHPPDU/jackkum/PHPPDU/PDU/Helper.php on line 37
PHP Notice:  Undefined variable: index in /media/jackkum/0C08303308301DE0/web/PHPPDU/jackkum/PHPPDU/PDU/Helper.php on line 41
PHP Notice:  String offset cast occurred in /media/jackkum/0C08303308301DE0/web/PHPPDU/jackkum/PHPPDU/PDU/Helper.php on line 41
PHP Notice:  Undefined variable: index in /media/jackkum/0C08303308301DE0/web/PHPPDU/jackkum/PHPPDU/PDU/Helper.php on line 37
PHP Notice:  Undefined variable: index in /media/jackkum/0C08303308301DE0/web/PHPPDU/jackkum/PHPPDU/PDU/Helper.php on line 41
PHP Notice:  String offset cast occurred in /media/jackkum/0C08303308301DE0/web/PHPPDU/jackkum/PHPPDU/PDU/Helper.php on line 41
PHP Notice:  Undefined variable: index in /media/jackkum/0C08303308301DE0/web/PHPPDU/jackkum/PHPPDU/PDU/Helper.php on line 37
PHP Notice:  Undefined variable: index in /media/jackkum/0C08303308301DE0/web/PHPPDU/jackkum/PHPPDU/PDU/Helper.php on line 41
PHP Notice:  String offset cast occurred in /media/jackkum/0C08303308301DE0/web/PHPPDU/jackkum/PHPPDU/PDU/Helper.php on line 41
PHP Notice:  Undefined variable: index in /media/jackkum/0C08303308301DE0/web/PHPPDU/jackkum/PHPPDU/PDU/Helper.php on line 37
PHP Notice:  Undefined variable: index in /media/jackkum/0C08303308301DE0/web/PHPPDU/jackkum/PHPPDU/PDU/Helper.php on line 41
PHP Notice:  String offset cast occurred in /media/jackkum/0C08303308301DE0/web/PHPPDU/jackkum/PHPPDU/PDU/Helper.php on line 41
PHP Notice:  Undefined variable: index in /media/jackkum/0C08303308301DE0/web/PHPPDU/jackkum/PHPPDU/PDU/Helper.php on line 37
PHP Notice:  Undefined variable: index in /media/jackkum/0C08303308301DE0/web/PHPPDU/jackkum/PHPPDU/PDU/Helper.php on line 41
PHP Notice:  String offset cast occurred in /media/jackkum/0C08303308301DE0/web/PHPPDU/jackkum/PHPPDU/PDU/Helper.php on line 41
PHP Notice:  Undefined variable: index in /media/jackkum/0C08303308301DE0/web/PHPPDU/jackkum/PHPPDU/PDU/Helper.php on line 37
PHP Notice:  Undefined variable: index in /media/jackkum/0C08303308301DE0/web/PHPPDU/jackkum/PHPPDU/PDU/Helper.php on line 41
PHP Notice:  String offset cast occurred in /media/jackkum/0C08303308301DE0/web/PHPPDU/jackkum/PHPPDU/PDU/Helper.php on line 41
PHP Notice:  Undefined variable: index in /media/jackkum/0C08303308301DE0/web/PHPPDU/jackkum/PHPPDU/PDU/Helper.php on line 37
PHP Notice:  Undefined variable: index in /media/jackkum/0C08303308301DE0/web/PHPPDU/jackkum/PHPPDU/PDU/Helper.php on line 41
PHP Notice:  String offset cast occurred in /media/jackkum/0C08303308301DE0/web/PHPPDU/jackkum/PHPPDU/PDU/Helper.php on line 41
PHP Notice:  Undefined variable: index in /media/jackkum/0C08303308301DE0/web/PHPPDU/jackkum/PHPPDU/PDU/Helper.php on line 37
PHP Notice:  Undefined variable: index in /media/jackkum/0C08303308301DE0/web/PHPPDU/jackkum/PHPPDU/PDU/Helper.php on line 41
PHP Notice:  String offset cast occurred in /media/jackkum/0C08303308301DE0/web/PHPPDU/jackkum/PHPPDU/PDU/Helper.php on line 41
PHP Notice:  Undefined variable: index in /media/jackkum/0C08303308301DE0/web/PHPPDU/jackkum/PHPPDU/PDU/Helper.php on line 37
PHP Notice:  Undefined variable: index in /media/jackkum/0C08303308301DE0/web/PHPPDU/jackkum/PHPPDU/PDU/Helper.php on line 41
PHP Notice:  String offset cast occurred in /media/jackkum/0C08303308301DE0/web/PHPPDU/jackkum/PHPPDU/PDU/Helper.php on line 41
PHP Notice:  Undefined variable: index in /media/jackkum/0C08303308301DE0/web/PHPPDU/jackkum/PHPPDU/PDU/Helper.php on line 37
PHP Notice:  Undefined variable: index in /media/jackkum/0C08303308301DE0/web/PHPPDU/jackkum/PHPPDU/PDU/Helper.php on line 41
PHP Notice:  String offset cast occurred in /media/jackkum/0C08303308301DE0/web/PHPPDU/jackkum/PHPPDU/PDU/Helper.php on line 41
PHP Notice:  Undefined variable: index in /media/jackkum/0C08303308301DE0/web/PHPPDU/jackkum/PHPPDU/PDU/Helper.php on line 37
PHP Notice:  Undefined variable: index in /media/jackkum/0C08303308301DE0/web/PHPPDU/jackkum/PHPPDU/PDU/Helper.php on line 41
PHP Notice:  String offset cast occurred in /media/jackkum/0C08303308301DE0/web/PHPPDU/jackkum/PHPPDU/PDU/Helper.php on line 41
PHP Notice:  Undefined variable: index in /media/jackkum/0C08303308301DE0/web/PHPPDU/jackkum/PHPPDU/PDU/Helper.php on line 37
PHP Notice:  Undefined variable: index in /media/jackkum/0C08303308301DE0/web/PHPPDU/jackkum/PHPPDU/PDU/Helper.php on line 41
PHP Notice:  String offset cast occurred in /media/jackkum/0C08303308301DE0/web/PHPPDU/jackkum/PHPPDU/PDU/Helper.php on line 41
PHP Notice:  Undefined variable: index in /media/jackkum/0C08303308301DE0/web/PHPPDU/jackkum/PHPPDU/PDU/Helper.php on line 37
PHP Notice:  Undefined variable: index in /media/jackkum/0C08303308301DE0/web/PHPPDU/jackkum/PHPPDU/PDU/Helper.php on line 41
PHP Notice:  String offset cast occurred in /media/jackkum/0C08303308301DE0/web/PHPPDU/jackkum/PHPPDU/PDU/Helper.php on line 41
PHP Notice:  Undefined variable: index in /media/jackkum/0C08303308301DE0/web/PHPPDU/jackkum/PHPPDU/PDU/Helper.php on line 37
PHP Notice:  Undefined variable: index in /media/jackkum/0C08303308301DE0/web/PHPPDU/jackkum/PHPPDU/PDU/Helper.php on line 41
PHP Notice:  String offset cast occurred in /media/jackkum/0C08303308301DE0/web/PHPPDU/jackkum/PHPPDU/PDU/Helper.php on line 41
PHP Notice:  Undefined variable: index in /media/jackkum/0C08303308301DE0/web/PHPPDU/jackkum/PHPPDU/PDU/Helper.php on line 37
PHP Notice:  Undefined variable: index in /media/jackkum/0C08303308301DE0/web/PHPPDU/jackkum/PHPPDU/PDU/Helper.php on line 41
PHP Notice:  String offset cast occurred in /media/jackkum/0C08303308301DE0/web/PHPPDU/jackkum/PHPPDU/PDU/Helper.php on line 41
PHP Notice:  Undefined variable: index in /media/jackkum/0C08303308301DE0/web/PHPPDU/jackkum/PHPPDU/PDU/Helper.php on line 37
PHP Notice:  Undefined variable: index in /media/jackkum/0C08303308301DE0/web/PHPPDU/jackkum/PHPPDU/PDU/Helper.php on line 41
PHP Notice:  String offset cast occurred in /media/jackkum/0C08303308301DE0/web/PHPPDU/jackkum/PHPPDU/PDU/Helper.php on line 41
PHP Notice:  Undefined variable: index in /media/jackkum/0C08303308301DE0/web/PHPPDU/jackkum/PHPPDU/PDU/Helper.php on line 37
PHP Notice:  Undefined variable: index in /media/jackkum/0C08303308301DE0/web/PHPPDU/jackkum/PHPPDU/PDU/Helper.php on line 41
PHP Notice:  String offset cast occurred in /media/jackkum/0C08303308301DE0/web/PHPPDU/jackkum/PHPPDU/PDU/Helper.php on line 41
PHP Notice:  Undefined variable: index in /media/jackkum/0C08303308301DE0/web/PHPPDU/jackkum/PHPPDU/PDU/Helper.php on line 37
PHP Notice:  Undefined variable: index in /media/jackkum/0C08303308301DE0/web/PHPPDU/jackkum/PHPPDU/PDU/Helper.php on line 41
PHP Notice:  String offset cast occurred in /media/jackkum/0C08303308301DE0/web/PHPPDU/jackkum/PHPPDU/PDU/Helper.php on line 41
PHP Notice:  Undefined variable: index in /media/jackkum/0C08303308301DE0/web/PHPPDU/jackkum/PHPPDU/PDU/Helper.php on line 37
PHP Notice:  Undefined variable: index in /media/jackkum/0C08303308301DE0/web/PHPPDU/jackkum/PHPPDU/PDU/Helper.php on line 41
PHP Notice:  String offset cast occurred in /media/jackkum/0C08303308301DE0/web/PHPPDU/jackkum/PHPPDU/PDU/Helper.php on line 41
PHP Notice:  Undefined variable: index in /media/jackkum/0C08303308301DE0/web/PHPPDU/jackkum/PHPPDU/PDU/Helper.php on line 37
PHP Notice:  Undefined variable: index in /media/jackkum/0C08303308301DE0/web/PHPPDU/jackkum/PHPPDU/PDU/Helper.php on line 41
PHP Notice:  String offset cast occurred in /media/jackkum/0C08303308301DE0/web/PHPPDU/jackkum/PHPPDU/PDU/Helper.php on line 41
PHP Notice:  Undefined variable: index in /media/jackkum/0C08303308301DE0/web/PHPPDU/jackkum/PHPPDU/PDU/Helper.php on line 37
PHP Notice:  Undefined variable: index in /media/jackkum/0C08303308301DE0/web/PHPPDU/jackkum/PHPPDU/PDU/Helper.php on line 41
PHP Notice:  String offset cast occurred in /media/jackkum/0C08303308301DE0/web/PHPPDU/jackkum/PHPPDU/PDU/Helper.php on line 41
PHP Notice:  Undefined variable: index in /media/jackkum/0C08303308301DE0/web/PHPPDU/jackkum/PHPPDU/PDU/Helper.php on line 37
PHP Notice:  Undefined variable: index in /media/jackkum/0C08303308301DE0/web/PHPPDU/jackkum/PHPPDU/PDU/Helper.php on line 41
PHP Notice:  String offset cast occurred in /media/jackkum/0C08303308301DE0/web/PHPPDU/jackkum/PHPPDU/PDU/Helper.php on line 41
PHP Notice:  Undefined variable: index in /media/jackkum/0C08303308301DE0/web/PHPPDU/jackkum/PHPPDU/PDU/Helper.php on line 37
PHP Notice:  Undefined variable: index in /media/jackkum/0C08303308301DE0/web/PHPPDU/jackkum/PHPPDU/PDU/Helper.php on line 41
PHP Notice:  String offset cast occurred in /media/jackkum/0C08303308301DE0/web/PHPPDU/jackkum/PHPPDU/PDU/Helper.php on line 41
PHP Notice:  Undefined variable: index in /media/jackkum/0C08303308301DE0/web/PHPPDU/jackkum/PHPPDU/PDU/Helper.php on line 37
PHP Notice:  Undefined variable: index in /media/jackkum/0C08303308301DE0/web/PHPPDU/jackkum/PHPPDU/PDU/Helper.php on line 41
PHP Notice:  String offset cast occurred in /media/jackkum/0C08303308301DE0/web/PHPPDU/jackkum/PHPPDU/PDU/Helper.php on line 41
PHP Notice:  Undefined variable: index in /media/jackkum/0C08303308301DE0/web/PHPPDU/jackkum/PHPPDU/PDU/Helper.php on line 37
PHP Notice:  Undefined variable: index in /media/jackkum/0C08303308301DE0/web/PHPPDU/jackkum/PHPPDU/PDU/Helper.php on line 41
PHP Notice:  String offset cast occurred in /media/jackkum/0C08303308301DE0/web/PHPPDU/jackkum/PHPPDU/PDU/Helper.php on line 41
PHP Notice:  Undefined variable: index in /media/jackkum/0C08303308301DE0/web/PHPPDU/jackkum/PHPPDU/PDU/Helper.php on line 37
PHP Notice:  Undefined variable: index in /media/jackkum/0C08303308301DE0/web/PHPPDU/jackkum/PHPPDU/PDU/Helper.php on line 41
PHP Notice:  String offset cast occurred in /media/jackkum/0C08303308301DE0/web/PHPPDU/jackkum/PHPPDU/PDU/Helper.php on line 41
PHP Notice:  Undefined variable: index in /media/jackkum/0C08303308301DE0/web/PHPPDU/jackkum/PHPPDU/PDU/Helper.php on line 37
PHP Notice:  Undefined variable: index in /media/jackkum/0C08303308301DE0/web/PHPPDU/jackkum/PHPPDU/PDU/Helper.php on line 41
PHP Notice:  String offset cast occurred in /media/jackkum/0C08303308301DE0/web/PHPPDU/jackkum/PHPPDU/PDU/Helper.php on line 41
PHP Notice:  Undefined variable: index in /media/jackkum/0C08303308301DE0/web/PHPPDU/jackkum/PHPPDU/PDU/Helper.php on line 37
PHP Notice:  Undefined variable: index in /media/jackkum/0C08303308301DE0/web/PHPPDU/jackkum/PHPPDU/PDU/Helper.php on line 41
PHP Notice:  String offset cast occurred in /media/jackkum/0C08303308301DE0/web/PHPPDU/jackkum/PHPPDU/PDU/Helper.php on line 41
PHP Notice:  Undefined variable: index in /media/jackkum/0C08303308301DE0/web/PHPPDU/jackkum/PHPPDU/PDU/Helper.php on line 37
PHP Notice:  Undefined variable: index in /media/jackkum/0C08303308301DE0/web/PHPPDU/jackkum/PHPPDU/PDU/Helper.php on line 41
PHP Notice:  String offset cast occurred in /media/jackkum/0C08303308301DE0/web/PHPPDU/jackkum/PHPPDU/PDU/Helper.php on line 41
PHP Notice:  Undefined variable: index in /media/jackkum/0C08303308301DE0/web/PHPPDU/jackkum/PHPPDU/PDU/Helper.php on line 37
PHP Notice:  Undefined variable: index in /media/jackkum/0C08303308301DE0/web/PHPPDU/jackkum/PHPPDU/PDU/Helper.php on line 41
PHP Notice:  String offset cast occurred in /media/jackkum/0C08303308301DE0/web/PHPPDU/jackkum/PHPPDU/PDU/Helper.php on line 41
PHP Notice:  Undefined variable: index in /media/jackkum/0C08303308301DE0/web/PHPPDU/jackkum/PHPPDU/PDU/Helper.php on line 37
PHP Notice:  Undefined variable: index in /media/jackkum/0C08303308301DE0/web/PHPPDU/jackkum/PHPPDU/PDU/Helper.php on line 41
PHP Notice:  String offset cast occurred in /media/jackkum/0C08303308301DE0/web/PHPPDU/jackkum/PHPPDU/PDU/Helper.php on line 41
PHP Notice:  Undefined variable: index in /media/jackkum/0C08303308301DE0/web/PHPPDU/jackkum/PHPPDU/PDU/Helper.php on line 37
PHP Notice:  Undefined variable: index in /media/jackkum/0C08303308301DE0/web/PHPPDU/jackkum/PHPPDU/PDU/Helper.php on line 41
PHP Notice:  String offset cast occurred in /media/jackkum/0C08303308301DE0/web/PHPPDU/jackkum/PHPPDU/PDU/Helper.php on line 41
PHP Notice:  Undefined variable: index in /media/jackkum/0C08303308301DE0/web/PHPPDU/jackkum/PHPPDU/PDU/Helper.php on line 37
PHP Notice:  Undefined variable: index in /media/jackkum/0C08303308301DE0/web/PHPPDU/jackkum/PHPPDU/PDU/Helper.php on line 41
PHP Notice:  String offset cast occurred in /media/jackkum/0C08303308301DE0/web/PHPPDU/jackkum/PHPPDU/PDU/Helper.php on line 41
PHP Notice:  Undefined variable: index in /media/jackkum/0C08303308301DE0/web/PHPPDU/jackkum/PHPPDU/PDU/Helper.php on line 37
PHP Notice:  Undefined variable: index in /media/jackkum/0C08303308301DE0/web/PHPPDU/jackkum/PHPPDU/PDU/Helper.php on line 41
PHP Notice:  String offset cast occurred in /media/jackkum/0C08303308301DE0/web/PHPPDU/jackkum/PHPPDU/PDU/Helper.php on line 41
PHP Notice:  Undefined variable: index in /media/jackkum/0C08303308301DE0/web/PHPPDU/jackkum/PHPPDU/PDU/Helper.php on line 37
PHP Notice:  Undefined variable: index in /media/jackkum/0C08303308301DE0/web/PHPPDU/jackkum/PHPPDU/PDU/Helper.php on line 41
PHP Notice:  String offset cast occurred in /media/jackkum/0C08303308301DE0/web/PHPPDU/jackkum/PHPPDU/PDU/Helper.php on line 41
PHP Notice:  Undefined variable: index in /media/jackkum/0C08303308301DE0/web/PHPPDU/jackkum/PHPPDU/PDU/Helper.php on line 37
PHP Notice:  Undefined variable: index in /media/jackkum/0C08303308301DE0/web/PHPPDU/jackkum/PHPPDU/PDU/Helper.php on line 41
PHP Notice:  String offset cast occurred in /media/jackkum/0C08303308301DE0/web/PHPPDU/jackkum/PHPPDU/PDU/Helper.php on line 41
PHP Notice:  Undefined variable: index in /media/jackkum/0C08303308301DE0/web/PHPPDU/jackkum/PHPPDU/PDU/Helper.php on line 37
PHP Notice:  Undefined variable: index in /media/jackkum/0C08303308301DE0/web/PHPPDU/jackkum/PHPPDU/PDU/Helper.php on line 41
PHP Notice:  String offset cast occurred in /media/jackkum/0C08303308301DE0/web/PHPPDU/jackkum/PHPPDU/PDU/Helper.php on line 41
PHP Notice:  Undefined variable: index in /media/jackkum/0C08303308301DE0/web/PHPPDU/jackkum/PHPPDU/PDU/Helper.php on line 37
PHP Notice:  Undefined variable: index in /media/jackkum/0C08303308301DE0/web/PHPPDU/jackkum/PHPPDU/PDU/Helper.php on line 41
PHP Notice:  String offset cast occurred in /media/jackkum/0C08303308301DE0/web/PHPPDU/jackkum/PHPPDU/PDU/Helper.php on line 41
PHP Notice:  Undefined variable: index in /media/jackkum/0C08303308301DE0/web/PHPPDU/jackkum/PHPPDU/PDU/Helper.php on line 37
PHP Notice:  Undefined variable: index in /media/jackkum/0C08303308301DE0/web/PHPPDU/jackkum/PHPPDU/PDU/Helper.php on line 41
PHP Notice:  String offset cast occurred in /media/jackkum/0C08303308301DE0/web/PHPPDU/jackkum/PHPPDU/PDU/Helper.php on line 41
PHP Notice:  Undefined variable: index in /media/jackkum/0C08303308301DE0/web/PHPPDU/jackkum/PHPPDU/PDU/Helper.php on line 37
PHP Notice:  Undefined variable: index in /media/jackkum/0C08303308301DE0/web/PHPPDU/jackkum/PHPPDU/PDU/Helper.php on line 41
PHP Notice:  String offset cast occurred in /media/jackkum/0C08303308301DE0/web/PHPPDU/jackkum/PHPPDU/PDU/Helper.php on line 41
PHP Notice:  Undefined variable: index in /media/jackkum/0C08303308301DE0/web/PHPPDU/jackkum/PHPPDU/PDU/Helper.php on line 37
PHP Notice:  Undefined variable: index in /media/jackkum/0C08303308301DE0/web/PHPPDU/jackkum/PHPPDU/PDU/Helper.php on line 41
PHP Notice:  String offset cast occurred in /media/jackkum/0C08303308301DE0/web/PHPPDU/jackkum/PHPPDU/PDU/Helper.php on line 41
PHP Notice:  Undefined variable: index in /media/jackkum/0C08303308301DE0/web/PHPPDU/jackkum/PHPPDU/PDU/Helper.php on line 37
PHP Notice:  Undefined variable: index in /media/jackkum/0C08303308301DE0/web/PHPPDU/jackkum/PHPPDU/PDU/Helper.php on line 41
PHP Notice:  String offset cast occurred in /media/jackkum/0C08303308301DE0/web/PHPPDU/jackkum/PHPPDU/PDU/Helper.php on line 41
PHP Notice:  Undefined variable: index in /media/jackkum/0C08303308301DE0/web/PHPPDU/jackkum/PHPPDU/PDU/Helper.php on line 37
PHP Notice:  Undefined variable: index in /media/jackkum/0C08303308301DE0/web/PHPPDU/jackkum/PHPPDU/PDU/Helper.php on line 41
PHP Notice:  String offset cast occurred in /media/jackkum/0C08303308301DE0/web/PHPPDU/jackkum/PHPPDU/PDU/Helper.php on line 41
PHP Notice:  Undefined variable: index in /media/jackkum/0C08303308301DE0/web/PHPPDU/jackkum/PHPPDU/PDU/Helper.php on line 37
PHP Notice:  Undefined variable: index in /media/jackkum/0C08303308301DE0/web/PHPPDU/jackkum/PHPPDU/PDU/Helper.php on line 41
PHP Notice:  String offset cast occurred in /media/jackkum/0C08303308301DE0/web/PHPPDU/jackkum/PHPPDU/PDU/Helper.php on line 41
PHP Notice:  Undefined variable: index in /media/jackkum/0C08303308301DE0/web/PHPPDU/jackkum/PHPPDU/PDU/Helper.php on line 37
PHP Notice:  Undefined variable: index in /media/jackkum/0C08303308301DE0/web/PHPPDU/jackkum/PHPPDU/PDU/Helper.php on line 41
PHP Notice:  String offset cast occurred in /media/jackkum/0C08303308301DE0/web/PHPPDU/jackkum/PHPPDU/PDU/Helper.php on line 41
PHP Notice:  Undefined variable: index in /media/jackkum/0C08303308301DE0/web/PHPPDU/jackkum/PHPPDU/PDU/Helper.php on line 37
PHP Notice:  Undefined variable: index in /media/jackkum/0C08303308301DE0/web/PHPPDU/jackkum/PHPPDU/PDU/Helper.php on line 41
PHP Notice:  String offset cast occurred in /media/jackkum/0C08303308301DE0/web/PHPPDU/jackkum/PHPPDU/PDU/Helper.php on line 41
PHP Notice:  Undefined variable: index in /media/jackkum/0C08303308301DE0/web/PHPPDU/jackkum/PHPPDU/PDU/Helper.php on line 37
PHP Notice:  Undefined variable: index in /media/jackkum/0C08303308301DE0/web/PHPPDU/jackkum/PHPPDU/PDU/Helper.php on line 41
PHP Notice:  String offset cast occurred in /media/jackkum/0C08303308301DE0/web/PHPPDU/jackkum/PHPPDU/PDU/Helper.php on line 41
PHP Notice:  Undefined variable: index in /media/jackkum/0C08303308301DE0/web/PHPPDU/jackkum/PHPPDU/PDU/Helper.php on line 37
PHP Notice:  Undefined variable: index in /media/jackkum/0C08303308301DE0/web/PHPPDU/jackkum/PHPPDU/PDU/Helper.php on line 41
PHP Notice:  String offset cast occurred in /media/jackkum/0C08303308301DE0/web/PHPPDU/jackkum/PHPPDU/PDU/Helper.php on line 41
PHP Notice:  Undefined variable: index in /media/jackkum/0C08303308301DE0/web/PHPPDU/jackkum/PHPPDU/PDU/Helper.php on line 37
PHP Notice:  Undefined variable: index in /media/jackkum/0C08303308301DE0/web/PHPPDU/jackkum/PHPPDU/PDU/Helper.php on line 41
PHP Notice:  String offset cast occurred in /media/jackkum/0C08303308301DE0/web/PHPPDU/jackkum/PHPPDU/PDU/Helper.php on line 41
PHP Notice:  Undefined variable: index in /media/jackkum/0C08303308301DE0/web/PHPPDU/jackkum/PHPPDU/PDU/Helper.php on line 37
PHP Notice:  Undefined variable: index in /media/jackkum/0C08303308301DE0/web/PHPPDU/jackkum/PHPPDU/PDU/Helper.php on line 41
PHP Notice:  String offset cast occurred in /media/jackkum/0C08303308301DE0/web/PHPPDU/jackkum/PHPPDU/PDU/Helper.php on line 41
PHP Notice:  Undefined variable: index in /media/jackkum/0C08303308301DE0/web/PHPPDU/jackkum/PHPPDU/PDU/Helper.php on line 37
PHP Notice:  Undefined variable: index in /media/jackkum/0C08303308301DE0/web/PHPPDU/jackkum/PHPPDU/PDU/Helper.php on line 41
PHP Notice:  String offset cast occurred in /media/jackkum/0C08303308301DE0/web/PHPPDU/jackkum/PHPPDU/PDU/Helper.php on line 41
PHP Notice:  Undefined variable: index in /media/jackkum/0C08303308301DE0/web/PHPPDU/jackkum/PHPPDU/PDU/Helper.php on line 37
PHP Notice:  Undefined variable: index in /media/jackkum/0C08303308301DE0/web/PHPPDU/jackkum/PHPPDU/PDU/Helper.php on line 41
PHP Notice:  String offset cast occurred in /media/jackkum/0C08303308301DE0/web/PHPPDU/jackkum/PHPPDU/PDU/Helper.php on line 41
PHP Notice:  Undefined variable: index in /media/jackkum/0C08303308301DE0/web/PHPPDU/jackkum/PHPPDU/PDU/Helper.php on line 37
PHP Notice:  Undefined variable: index in /media/jackkum/0C08303308301DE0/web/PHPPDU/jackkum/PHPPDU/PDU/Helper.php on line 41
PHP Notice:  String offset cast occurred in /media/jackkum/0C08303308301DE0/web/PHPPDU/jackkum/PHPPDU/PDU/Helper.php on line 41
PHP Notice:  Undefined variable: index in /media/jackkum/0C08303308301DE0/web/PHPPDU/jackkum/PHPPDU/PDU/Helper.php on line 37
PHP Notice:  Undefined variable: index in /media/jackkum/0C08303308301DE0/web/PHPPDU/jackkum/PHPPDU/PDU/Helper.php on line 41
PHP Notice:  String offset cast occurred in /media/jackkum/0C08303308301DE0/web/PHPPDU/jackkum/PHPPDU/PDU/Helper.php on line 41
PHP Notice:  Undefined variable: index in /media/jackkum/0C08303308301DE0/web/PHPPDU/jackkum/PHPPDU/PDU/Helper.php on line 37
PHP Notice:  Undefined variable: index in /media/jackkum/0C08303308301DE0/web/PHPPDU/jackkum/PHPPDU/PDU/Helper.php on line 41
PHP Notice:  String offset cast occurred in /media/jackkum/0C08303308301DE0/web/PHPPDU/jackkum/PHPPDU/PDU/Helper.php on line 41
PHP Notice:  Undefined variable: index in /media/jackkum/0C08303308301DE0/web/PHPPDU/jackkum/PHPPDU/PDU/Helper.php on line 37
PHP Notice:  Undefined variable: index in /media/jackkum/0C08303308301DE0/web/PHPPDU/jackkum/PHPPDU/PDU/Helper.php on line 41
PHP Notice:  String offset cast occurred in /media/jackkum/0C08303308301DE0/web/PHPPDU/jackkum/PHPPDU/PDU/Helper.php on line 41
PHP Notice:  Undefined variable: index in /media/jackkum/0C08303308301DE0/web/PHPPDU/jackkum/PHPPDU/PDU/Helper.php on line 37
PHP Notice:  Undefined variable: index in /media/jackkum/0C08303308301DE0/web/PHPPDU/jackkum/PHPPDU/PDU/Helper.php on line 41
PHP Notice:  String offset cast occurred in /media/jackkum/0C08303308301DE0/web/PHPPDU/jackkum/PHPPDU/PDU/Helper.php on line 41
PHP Notice:  Undefined variable: index in /media/jackkum/0C08303308301DE0/web/PHPPDU/jackkum/PHPPDU/PDU/Helper.php on line 37
PHP Notice:  Undefined variable: index in /media/jackkum/0C08303308301DE0/web/PHPPDU/jackkum/PHPPDU/PDU/Helper.php on line 41
PHP Notice:  String offset cast occurred in /media/jackkum/0C08303308301DE0/web/PHPPDU/jackkum/PHPPDU/PDU/Helper.php on line 41
PHP Notice:  Undefined variable: index in /media/jackkum/0C08303308301DE0/web/PHPPDU/jackkum/PHPPDU/PDU/Helper.php on line 37
PHP Notice:  Undefined variable: index in /media/jackkum/0C08303308301DE0/web/PHPPDU/jackkum/PHPPDU/PDU/Helper.php on line 41
PHP Notice:  String offset cast occurred in /media/jackkum/0C08303308301DE0/web/PHPPDU/jackkum/PHPPDU/PDU/Helper.php on line 41
PHP Notice:  Undefined variable: index in /media/jackkum/0C08303308301DE0/web/PHPPDU/jackkum/PHPPDU/PDU/Helper.php on line 37
PHP Notice:  Undefined variable: index in /media/jackkum/0C08303308301DE0/web/PHPPDU/jackkum/PHPPDU/PDU/Helper.php on line 41
PHP Notice:  String offset cast occurred in /media/jackkum/0C08303308301DE0/web/PHPPDU/jackkum/PHPPDU/PDU/Helper.php on line 41
PHP Notice:  Undefined variable: index in /media/jackkum/0C08303308301DE0/web/PHPPDU/jackkum/PHPPDU/PDU/Helper.php on line 37
PHP Notice:  Undefined variable: index in /media/jackkum/0C08303308301DE0/web/PHPPDU/jackkum/PHPPDU/PDU/Helper.php on line 41
PHP Notice:  String offset cast occurred in /media/jackkum/0C08303308301DE0/web/PHPPDU/jackkum/PHPPDU/PDU/Helper.php on line 41
PHP Notice:  Undefined variable: index in /media/jackkum/0C08303308301DE0/web/PHPPDU/jackkum/PHPPDU/PDU/Helper.php on line 37
PHP Notice:  Undefined variable: index in /media/jackkum/0C08303308301DE0/web/PHPPDU/jackkum/PHPPDU/PDU/Helper.php on line 41
PHP Notice:  String offset cast occurred in /media/jackkum/0C08303308301DE0/web/PHPPDU/jackkum/PHPPDU/PDU/Helper.php on line 41
PHP Notice:  Undefined variable: index in /media/jackkum/0C08303308301DE0/web/PHPPDU/jackkum/PHPPDU/PDU/Helper.php on line 37
PHP Notice:  Undefined variable: index in /media/jackkum/0C08303308301DE0/web/PHPPDU/jackkum/PHPPDU/PDU/Helper.php on line 41
PHP Notice:  String offset cast occurred in /media/jackkum/0C08303308301DE0/web/PHPPDU/jackkum/PHPPDU/PDU/Helper.php on line 41
PHP Notice:  Undefined variable: index in /media/jackkum/0C08303308301DE0/web/PHPPDU/jackkum/PHPPDU/PDU/Helper.php on line 37
PHP Notice:  Undefined variable: index in /media/jackkum/0C08303308301DE0/web/PHPPDU/jackkum/PHPPDU/PDU/Helper.php on line 41
PHP Notice:  String offset cast occurred in /media/jackkum/0C08303308301DE0/web/PHPPDU/jackkum/PHPPDU/PDU/Helper.php on line 41
PHP Notice:  Undefined variable: index in /media/jackkum/0C08303308301DE0/web/PHPPDU/jackkum/PHPPDU/PDU/Helper.php on line 37
PHP Notice:  Undefined variable: index in /media/jackkum/0C08303308301DE0/web/PHPPDU/jackkum/PHPPDU/PDU/Helper.php on line 41
PHP Notice:  String offset cast occurred in /media/jackkum/0C08303308301DE0/web/PHPPDU/jackkum/PHPPDU/PDU/Helper.php on line 41
PHP Notice:  Undefined variable: index in /media/jackkum/0C08303308301DE0/web/PHPPDU/jackkum/PHPPDU/PDU/Helper.php on line 37
PHP Notice:  Undefined variable: index in /media/jackkum/0C08303308301DE0/web/PHPPDU/jackkum/PHPPDU/PDU/Helper.php on line 41
PHP Notice:  String offset cast occurred in /media/jackkum/0C08303308301DE0/web/PHPPDU/jackkum/PHPPDU/PDU/Helper.php on line 41
PHP Notice:  Undefined variable: index in /media/jackkum/0C08303308301DE0/web/PHPPDU/jackkum/PHPPDU/PDU/Helper.php on line 37
PHP Notice:  Undefined variable: index in /media/jackkum/0C08303308301DE0/web/PHPPDU/jackkum/PHPPDU/PDU/Helper.php on line 41
PHP Notice:  String offset cast occurred in /media/jackkum/0C08303308301DE0/web/PHPPDU/jackkum/PHPPDU/PDU/Helper.php on line 41
PHP Notice:  Undefined variable: index in /media/jackkum/0C08303308301DE0/web/PHPPDU/jackkum/PHPPDU/PDU/Helper.php on line 37
PHP Notice:  Undefined variable: index in /media/jackkum/0C08303308301DE0/web/PHPPDU/jackkum/PHPPDU/PDU/Helper.php on line 41
PHP Notice:  String offset cast occurred in /media/jackkum/0C08303308301DE0/web/PHPPDU/jackkum/PHPPDU/PDU/Helper.php on line 41
PHP Notice:  Undefined variable: index in /media/jackkum/0C08303308301DE0/web/PHPPDU/jackkum/PHPPDU/PDU/Helper.php on line 37
PHP Notice:  Undefined variable: index in /media/jackkum/0C08303308301DE0/web/PHPPDU/jackkum/PHPPDU/PDU/Helper.php on line 41
PHP Notice:  String offset cast occurred in /media/jackkum/0C08303308301DE0/web/PHPPDU/jackkum/PHPPDU/PDU/Helper.php on line 41
PHP Notice:  Undefined variable: index in /media/jackkum/0C08303308301DE0/web/PHPPDU/jackkum/PHPPDU/PDU/Helper.php on line 37
PHP Notice:  Undefined variable: index in /media/jackkum/0C08303308301DE0/web/PHPPDU/jackkum/PHPPDU/PDU/Helper.php on line 41
PHP Notice:  String offset cast occurred in /media/jackkum/0C08303308301DE0/web/PHPPDU/jackkum/PHPPDU/PDU/Helper.php on line 41
PHP Notice:  Undefined variable: index in /media/jackkum/0C08303308301DE0/web/PHPPDU/jackkum/PHPPDU/PDU/Helper.php on line 37
PHP Notice:  Undefined variable: index in /media/jackkum/0C08303308301DE0/web/PHPPDU/jackkum/PHPPDU/PDU/Helper.php on line 41
PHP Notice:  String offset cast occurred in /media/jackkum/0C08303308301DE0/web/PHPPDU/jackkum/PHPPDU/PDU/Helper.php on line 41
PHP Notice:  Undefined variable: index in /media/jackkum/0C08303308301DE0/web/PHPPDU/jackkum/PHPPDU/PDU/Helper.php on line 37
PHP Notice:  Undefined variable: index in /media/jackkum/0C08303308301DE0/web/PHPPDU/jackkum/PHPPDU/PDU/Helper.php on line 41
PHP Notice:  String offset cast occurred in /media/jackkum/0C08303308301DE0/web/PHPPDU/jackkum/PHPPDU/PDU/Helper.php on line 41
PHP Notice:  Undefined variable: index in /media/jackkum/0C08303308301DE0/web/PHPPDU/jackkum/PHPPDU/PDU/Helper.php on line 37
PHP Notice:  Undefined variable: index in /media/jackkum/0C08303308301DE0/web/PHPPDU/jackkum/PHPPDU/PDU/Helper.php on line 41
PHP Notice:  String offset cast occurred in /media/jackkum/0C08303308301DE0/web/PHPPDU/jackkum/PHPPDU/PDU/Helper.php on line 41
PHP Notice:  Undefined variable: index in /media/jackkum/0C08303308301DE0/web/PHPPDU/jackkum/PHPPDU/PDU/Helper.php on line 37
PHP Notice:  Undefined variable: index in /media/jackkum/0C08303308301DE0/web/PHPPDU/jackkum/PHPPDU/PDU/Helper.php on line 41
PHP Notice:  String offset cast occurred in /media/jackkum/0C08303308301DE0/web/PHPPDU/jackkum/PHPPDU/PDU/Helper.php on line 41
PHP Notice:  Undefined variable: index in /media/jackkum/0C08303308301DE0/web/PHPPDU/jackkum/PHPPDU/PDU/Helper.php on line 37
PHP Notice:  Undefined variable: index in /media/jackkum/0C08303308301DE0/web/PHPPDU/jackkum/PHPPDU/PDU/Helper.php on line 41
PHP Notice:  String offset cast occurred in /media/jackkum/0C08303308301DE0/web/PHPPDU/jackkum/PHPPDU/PDU/Helper.php on line 41
PHP Notice:  Undefined variable: index in /media/jackkum/0C08303308301DE0/web/PHPPDU/jackkum/PHPPDU/PDU/Helper.php on line 37
PHP Notice:  Undefined variable: index in /media/jackkum/0C08303308301DE0/web/PHPPDU/jackkum/PHPPDU/PDU/Helper.php on line 41
PHP Notice:  String offset cast occurred in /media/jackkum/0C08303308301DE0/web/PHPPDU/jackkum/PHPPDU/PDU/Helper.php on line 41
PHP Notice:  Undefined variable: index in /media/jackkum/0C08303308301DE0/web/PHPPDU/jackkum/PHPPDU/PDU/Helper.php on line 37
PHP Notice:  Undefined variable: index in /media/jackkum/0C08303308301DE0/web/PHPPDU/jackkum/PHPPDU/PDU/Helper.php on line 41
PHP Notice:  String offset cast occurred in /media/jackkum/0C08303308301DE0/web/PHPPDU/jackkum/PHPPDU/PDU/Helper.php on line 41
PHP Notice:  Undefined variable: index in /media/jackkum/0C08303308301DE0/web/PHPPDU/jackkum/PHPPDU/PDU/Helper.php on line 37
PHP Notice:  Undefined variable: index in /media/jackkum/0C08303308301DE0/web/PHPPDU/jackkum/PHPPDU/PDU/Helper.php on line 41
PHP Notice:  String offset cast occurred in /media/jackkum/0C08303308301DE0/web/PHPPDU/jackkum/PHPPDU/PDU/Helper.php on line 41
PHP Notice:  Undefined variable: index in /media/jackkum/0C08303308301DE0/web/PHPPDU/jackkum/PHPPDU/PDU/Helper.php on line 37
PHP Notice:  Undefined variable: index in /media/jackkum/0C08303308301DE0/web/PHPPDU/jackkum/PHPPDU/PDU/Helper.php on line 41
PHP Notice:  String offset cast occurred in /media/jackkum/0C08303308301DE0/web/PHPPDU/jackkum/PHPPDU/PDU/Helper.php on line 41
PHP Notice:  Undefined variable: index in /media/jackkum/0C08303308301DE0/web/PHPPDU/jackkum/PHPPDU/PDU/Helper.php on line 37
PHP Notice:  Undefined variable: index in /media/jackkum/0C08303308301DE0/web/PHPPDU/jackkum/PHPPDU/PDU/Helper.php on line 41
PHP Notice:  String offset cast occurred in /media/jackkum/0C08303308301DE0/web/PHPPDU/jackkum/PHPPDU/PDU/Helper.php on line 41
PHP Notice:  Undefined variable: index in /media/jackkum/0C08303308301DE0/web/PHPPDU/jackkum/PHPPDU/PDU/Helper.php on line 37
PHP Notice:  Undefined variable: index in /media/jackkum/0C08303308301DE0/web/PHPPDU/jackkum/PHPPDU/PDU/Helper.php on line 41
PHP Notice:  String offset cast occurred in /media/jackkum/0C08303308301DE0/web/PHPPDU/jackkum/PHPPDU/PDU/Helper.php on line 41
PHP Notice:  Undefined variable: index in /media/jackkum/0C08303308301DE0/web/PHPPDU/jackkum/PHPPDU/PDU/Helper.php on line 37
PHP Notice:  Undefined variable: index in /media/jackkum/0C08303308301DE0/web/PHPPDU/jackkum/PHPPDU/PDU/Helper.php on line 41
PHP Notice:  String offset cast occurred in /media/jackkum/0C08303308301DE0/web/PHPPDU/jackkum/PHPPDU/PDU/Helper.php on line 41
PHP Notice:  Undefined variable: index in /media/jackkum/0C08303308301DE0/web/PHPPDU/jackkum/PHPPDU/PDU/Helper.php on line 37
PHP Notice:  Undefined variable: index in /media/jackkum/0C08303308301DE0/web/PHPPDU/jackkum/PHPPDU/PDU/Helper.php on line 41
PHP Notice:  String offset cast occurred in /media/jackkum/0C08303308301DE0/web/PHPPDU/jackkum/PHPPDU/PDU/Helper.php on line 41
PHP Notice:  Undefined variable: index in /media/jackkum/0C08303308301DE0/web/PHPPDU/jackkum/PHPPDU/PDU/Helper.php on line 37
PHP Notice:  Undefined variable: index in /media/jackkum/0C08303308301DE0/web/PHPPDU/jackkum/PHPPDU/PDU/Helper.php on line 41
PHP Notice:  String offset cast occurred in /media/jackkum/0C08303308301DE0/web/PHPPDU/jackkum/PHPPDU/PDU/Helper.php on line 41
PHP Notice:  Undefined variable: index in /media/jackkum/0C08303308301DE0/web/PHPPDU/jackkum/PHPPDU/PDU/Helper.php on line 37
PHP Notice:  Undefined variable: index in /media/jackkum/0C08303308301DE0/web/PHPPDU/jackkum/PHPPDU/PDU/Helper.php on line 41
PHP Notice:  String offset cast occurred in /media/jackkum/0C08303308301DE0/web/PHPPDU/jackkum/PHPPDU/PDU/Helper.php on line 41
PHP Notice:  Undefined variable: index in /media/jackkum/0C08303308301DE0/web/PHPPDU/jackkum/PHPPDU/PDU/Helper.php on line 37
PHP Notice:  Undefined variable: index in /media/jackkum/0C08303308301DE0/web/PHPPDU/jackkum/PHPPDU/PDU/Helper.php on line 41
PHP Notice:  String offset cast occurred in /media/jackkum/0C08303308301DE0/web/PHPPDU/jackkum/PHPPDU/PDU/Helper.php on line 41
PHP Notice:  Undefined variable: index in /media/jackkum/0C08303308301DE0/web/PHPPDU/jackkum/PHPPDU/PDU/Helper.php on line 37
PHP Notice:  Undefined variable: index in /media/jackkum/0C08303308301DE0/web/PHPPDU/jackkum/PHPPDU/PDU/Helper.php on line 41
PHP Notice:  String offset cast occurred in /media/jackkum/0C08303308301DE0/web/PHPPDU/jackkum/PHPPDU/PDU/Helper.php on line 41
PHP Notice:  Undefined variable: index in /media/jackkum/0C08303308301DE0/web/PHPPDU/jackkum/PHPPDU/PDU/Helper.php on line 37
PHP Notice:  Undefined variable: index in /media/jackkum/0C08303308301DE0/web/PHPPDU/jackkum/PHPPDU/PDU/Helper.php on line 41
PHP Notice:  String offset cast occurred in /media/jackkum/0C08303308301DE0/web/PHPPDU/jackkum/PHPPDU/PDU/Helper.php on line 41
PHP Notice:  Undefined variable: index in /media/jackkum/0C08303308301DE0/web/PHPPDU/jackkum/PHPPDU/PDU/Helper.php on line 37
PHP Notice:  Undefined variable: index in /media/jackkum/0C08303308301DE0/web/PHPPDU/jackkum/PHPPDU/PDU/Helper.php on line 41
PHP Notice:  String offset cast occurred in /media/jackkum/0C08303308301DE0/web/PHPPDU/jackkum/PHPPDU/PDU/Helper.php on line 41
PHP Notice:  Undefined variable: index in /media/jackkum/0C08303308301DE0/web/PHPPDU/jackkum/PHPPDU/PDU/Helper.php on line 37
PHP Notice:  Undefined variable: index in /media/jackkum/0C08303308301DE0/web/PHPPDU/jackkum/PHPPDU/PDU/Helper.php on line 41
PHP Notice:  String offset cast occurred in /media/jackkum/0C08303308301DE0/web/PHPPDU/jackkum/PHPPDU/PDU/Helper.php on line 41
PHP Notice:  Undefined variable: index in /media/jackkum/0C08303308301DE0/web/PHPPDU/jackkum/PHPPDU/PDU/Helper.php on line 37
PHP Notice:  Undefined variable: index in /media/jackkum/0C08303308301DE0/web/PHPPDU/jackkum/PHPPDU/PDU/Helper.php on line 41
PHP Notice:  String offset cast occurred in /media/jackkum/0C08303308301DE0/web/PHPPDU/jackkum/PHPPDU/PDU/Helper.php on line 41
PHP Notice:  Undefined variable: index in /media/jackkum/0C08303308301DE0/web/PHPPDU/jackkum/PHPPDU/PDU/Helper.php on line 37
PHP Notice:  Undefined variable: index in /media/jackkum/0C08303308301DE0/web/PHPPDU/jackkum/PHPPDU/PDU/Helper.php on line 41
PHP Notice:  String offset cast occurred in /media/jackkum/0C08303308301DE0/web/PHPPDU/jackkum/PHPPDU/PDU/Helper.php on line 41
PHP Notice:  Undefined variable: index in /media/jackkum/0C08303308301DE0/web/PHPPDU/jackkum/PHPPDU/PDU/Helper.php on line 37
PHP Notice:  Undefined variable: index in /media/jackkum/0C08303308301DE0/web/PHPPDU/jackkum/PHPPDU/PDU/Helper.php on line 41
PHP Notice:  String offset cast occurred in /media/jackkum/0C08303308301DE0/web/PHPPDU/jackkum/PHPPDU/PDU/Helper.php on line 41
PHP Notice:  Undefined variable: index in /media/jackkum/0C08303308301DE0/web/PHPPDU/jackkum/PHPPDU/PDU/Helper.php on line 37
PHP Notice:  Undefined variable: index in /media/jackkum/0C08303308301DE0/web/PHPPDU/jackkum/PHPPDU/PDU/Helper.php on line 41
PHP Notice:  String offset cast occurred in /media/jackkum/0C08303308301DE0/web/PHPPDU/jackkum/PHPPDU/PDU/Helper.php on line 41
PHP Notice:  Undefined variable: index in /media/jackkum/0C08303308301DE0/web/PHPPDU/jackkum/PHPPDU/PDU/Helper.php on line 37
PHP Notice:  Undefined variable: index in /media/jackkum/0C08303308301DE0/web/PHPPDU/jackkum/PHPPDU/PDU/Helper.php on line 41
PHP Notice:  String offset cast occurred in /media/jackkum/0C08303308301DE0/web/PHPPDU/jackkum/PHPPDU/PDU/Helper.php on line 41
PHP Notice:  Undefined variable: index in /media/jackkum/0C08303308301DE0/web/PHPPDU/jackkum/PHPPDU/PDU/Helper.php on line 37
PHP Notice:  Undefined variable: index in /media/jackkum/0C08303308301DE0/web/PHPPDU/jackkum/PHPPDU/PDU/Helper.php on line 41
PHP Notice:  String offset cast occurred in /media/jackkum/0C08303308301DE0/web/PHPPDU/jackkum/PHPPDU/PDU/Helper.php on line 41
PHP Notice:  Undefined variable: index in /media/jackkum/0C08303308301DE0/web/PHPPDU/jackkum/PHPPDU/PDU/Helper.php on line 37
PHP Notice:  Undefined variable: index in /media/jackkum/0C08303308301DE0/web/PHPPDU/jackkum/PHPPDU/PDU/Helper.php on line 41
PHP Notice:  String offset cast occurred in /media/jackkum/0C08303308301DE0/web/PHPPDU/jackkum/PHPPDU/PDU/Helper.php on line 41
PHP Notice:  Undefined variable: index in /media/jackkum/0C08303308301DE0/web/PHPPDU/jackkum/PHPPDU/PDU/Helper.php on line 37
PHP Notice:  Undefined variable: index in /media/jackkum/0C08303308301DE0/web/PHPPDU/jackkum/PHPPDU/PDU/Helper.php on line 41
PHP Notice:  String offset cast occurred in /media/jackkum/0C08303308301DE0/web/PHPPDU/jackkum/PHPPDU/PDU/Helper.php on line 41
PHP Notice:  Undefined variable: index in /media/jackkum/0C08303308301DE0/web/PHPPDU/jackkum/PHPPDU/PDU/Helper.php on line 37
PHP Notice:  Undefined variable: index in /media/jackkum/0C08303308301DE0/web/PHPPDU/jackkum/PHPPDU/PDU/Helper.php on line 41
PHP Notice:  String offset cast occurred in /media/jackkum/0C08303308301DE0/web/PHPPDU/jackkum/PHPPDU/PDU/Helper.php on line 41
PHP Notice:  Undefined variable: index in /media/jackkum/0C08303308301DE0/web/PHPPDU/jackkum/PHPPDU/PDU/Helper.php on line 37
PHP Notice:  Undefined variable: index in /media/jackkum/0C08303308301DE0/web/PHPPDU/jackkum/PHPPDU/PDU/Helper.php on line 41
PHP Notice:  String offset cast occurred in /media/jackkum/0C08303308301DE0/web/PHPPDU/jackkum/PHPPDU/PDU/Helper.php on line 41
PHP Notice:  Undefined variable: index in /media/jackkum/0C08303308301DE0/web/PHPPDU/jackkum/PHPPDU/PDU/Helper.php on line 37
PHP Notice:  Undefined variable: index in /media/jackkum/0C08303308301DE0/web/PHPPDU/jackkum/PHPPDU/PDU/Helper.php on line 41
PHP Notice:  String offset cast occurred in /media/jackkum/0C08303308301DE0/web/PHPPDU/jackkum/PHPPDU/PDU/Helper.php on line 41
PHP Notice:  Undefined variable: index in /media/jackkum/0C08303308301DE0/web/PHPPDU/jackkum/PHPPDU/PDU/Helper.php on line 37
PHP Notice:  Undefined variable: index in /media/jackkum/0C08303308301DE0/web/PHPPDU/jackkum/PHPPDU/PDU/Helper.php on line 41
PHP Notice:  String offset cast occurred in /media/jackkum/0C08303308301DE0/web/PHPPDU/jackkum/PHPPDU/PDU/Helper.php on line 41
PHP Notice:  Undefined variable: index in /media/jackkum/0C08303308301DE0/web/PHPPDU/jackkum/PHPPDU/PDU/Helper.php on line 37
PHP Notice:  Undefined variable: index in /media/jackkum/0C08303308301DE0/web/PHPPDU/jackkum/PHPPDU/PDU/Helper.php on line 41
PHP Notice:  String offset cast occurred in /media/jackkum/0C08303308301DE0/web/PHPPDU/jackkum/PHPPDU/PDU/Helper.php on line 41
PHP Notice:  Undefined variable: index in /media/jackkum/0C08303308301DE0/web/PHPPDU/jackkum/PHPPDU/PDU/Helper.php on line 37
PHP Notice:  Undefined variable: index in /media/jackkum/0C08303308301DE0/web/PHPPDU/jackkum/PHPPDU/PDU/Helper.php on line 41
PHP Notice:  String offset cast occurred in /media/jackkum/0C08303308301DE0/web/PHPPDU/jackkum/PHPPDU/PDU/Helper.php on line 41
PHP Notice:  Undefined variable: index in /media/jackkum/0C08303308301DE0/web/PHPPDU/jackkum/PHPPDU/PDU/Helper.php on line 37
PHP Notice:  Undefined variable: index in /media/jackkum/0C08303308301DE0/web/PHPPDU/jackkum/PHPPDU/PDU/Helper.php on line 41
PHP Notice:  String offset cast occurred in /media/jackkum/0C08303308301DE0/web/PHPPDU/jackkum/PHPPDU/PDU/Helper.php on line 41
PHP Notice:  Undefined variable: index in /media/jackkum/0C08303308301DE0/web/PHPPDU/jackkum/PHPPDU/PDU/Helper.php on line 37
PHP Notice:  Undefined variable: index in /media/jackkum/0C08303308301DE0/web/PHPPDU/jackkum/PHPPDU/PDU/Helper.php on line 41
PHP Notice:  String offset cast occurred in /media/jackkum/0C08303308301DE0/web/PHPPDU/jackkum/PHPPDU/PDU/Helper.php on line 41
PHP Notice:  Undefined variable: index in /media/jackkum/0C08303308301DE0/web/PHPPDU/jackkum/PHPPDU/PDU/Helper.php on line 37
PHP Notice:  Undefined variable: index in /media/jackkum/0C08303308301DE0/web/PHPPDU/jackkum/PHPPDU/PDU/Helper.php on line 41
PHP Notice:  String offset cast occurred in /media/jackkum/0C08303308301DE0/web/PHPPDU/jackkum/PHPPDU/PDU/Helper.php on line 41
PHP Notice:  Undefined variable: index in /media/jackkum/0C08303308301DE0/web/PHPPDU/jackkum/PHPPDU/PDU/Helper.php on line 37
PHP Notice:  Undefined variable: index in /media/jackkum/0C08303308301DE0/web/PHPPDU/jackkum/PHPPDU/PDU/Helper.php on line 41
PHP Notice:  String offset cast occurred in /media/jackkum/0C08303308301DE0/web/PHPPDU/jackkum/PHPPDU/PDU/Helper.php on line 41
PHP Notice:  Undefined variable: index in /media/jackkum/0C08303308301DE0/web/PHPPDU/jackkum/PHPPDU/PDU/Helper.php on line 37
PHP Notice:  Undefined variable: index in /media/jackkum/0C08303308301DE0/web/PHPPDU/jackkum/PHPPDU/PDU/Helper.php on line 41
PHP Notice:  String offset cast occurred in /media/jackkum/0C08303308301DE0/web/PHPPDU/jackkum/PHPPDU/PDU/Helper.php on line 41
PHP Notice:  Undefined variable: index in /media/jackkum/0C08303308301DE0/web/PHPPDU/jackkum/PHPPDU/PDU/Helper.php on line 37
PHP Notice:  Undefined variable: index in /media/jackkum/0C08303308301DE0/web/PHPPDU/jackkum/PHPPDU/PDU/Helper.php on line 41
PHP Notice:  String offset cast occurred in /media/jackkum/0C08303308301DE0/web/PHPPDU/jackkum/PHPPDU/PDU/Helper.php on line 41
PHP Notice:  Undefined variable: index in /media/jackkum/0C08303308301DE0/web/PHPPDU/jackkum/PHPPDU/PDU/Helper.php on line 37
PHP Notice:  Undefined variable: index in /media/jackkum/0C08303308301DE0/web/PHPPDU/jackkum/PHPPDU/PDU/Helper.php on line 41
PHP Notice:  String offset cast occurred in /media/jackkum/0C08303308301DE0/web/PHPPDU/jackkum/PHPPDU/PDU/Helper.php on line 41
PHP Notice:  Undefined variable: index in /media/jackkum/0C08303308301DE0/web/PHPPDU/jackkum/PHPPDU/PDU/Helper.php on line 37
PHP Notice:  Undefined variable: index in /media/jackkum/0C08303308301DE0/web/PHPPDU/jackkum/PHPPDU/PDU/Helper.php on line 41
PHP Notice:  String offset cast occurred in /media/jackkum/0C08303308301DE0/web/PHPPDU/jackkum/PHPPDU/PDU/Helper.php on line 41
PHP Notice:  Undefined variable: index in /media/jackkum/0C08303308301DE0/web/PHPPDU/jackkum/PHPPDU/PDU/Helper.php on line 37
PHP Notice:  Undefined variable: index in /media/jackkum/0C08303308301DE0/web/PHPPDU/jackkum/PHPPDU/PDU/Helper.php on line 41
PHP Notice:  String offset cast occurred in /media/jackkum/0C08303308301DE0/web/PHPPDU/jackkum/PHPPDU/PDU/Helper.php on line 41
PHP Notice:  Undefined variable: index in /media/jackkum/0C08303308301DE0/web/PHPPDU/jackkum/PHPPDU/PDU/Helper.php on line 37
PHP Notice:  Undefined variable: index in /media/jackkum/0C08303308301DE0/web/PHPPDU/jackkum/PHPPDU/PDU/Helper.php on line 41
PHP Notice:  String offset cast occurred in /media/jackkum/0C08303308301DE0/web/PHPPDU/jackkum/PHPPDU/PDU/Helper.php on line 41
PHP Notice:  Undefined variable: index in /media/jackkum/0C08303308301DE0/web/PHPPDU/jackkum/PHPPDU/PDU/Helper.php on line 37
PHP Notice:  Undefined variable: index in /media/jackkum/0C08303308301DE0/web/PHPPDU/jackkum/PHPPDU/PDU/Helper.php on line 41
PHP Notice:  String offset cast occurred in /media/jackkum/0C08303308301DE0/web/PHPPDU/jackkum/PHPPDU/PDU/Helper.php on line 41
PHP Notice:  Undefined variable: index in /media/jackkum/0C08303308301DE0/web/PHPPDU/jackkum/PHPPDU/PDU/Helper.php on line 37
PHP Notice:  Undefined variable: index in /media/jackkum/0C08303308301DE0/web/PHPPDU/jackkum/PHPPDU/PDU/Helper.php on line 41
PHP Notice:  String offset cast occurred in /media/jackkum/0C08303308301DE0/web/PHPPDU/jackkum/PHPPDU/PDU/Helper.php on line 41
PHP Notice:  Undefined variable: index in /media/jackkum/0C08303308301DE0/web/PHPPDU/jackkum/PHPPDU/PDU/Helper.php on line 37
PHP Notice:  Undefined variable: index in /media/jackkum/0C08303308301DE0/web/PHPPDU/jackkum/PHPPDU/PDU/Helper.php on line 41
PHP Notice:  String offset cast occurred in /media/jackkum/0C08303308301DE0/web/PHPPDU/jackkum/PHPPDU/PDU/Helper.php on line 41
PHP Notice:  Undefined variable: index in /media/jackkum/0C08303308301DE0/web/PHPPDU/jackkum/PHPPDU/PDU/Helper.php on line 37
PHP Notice:  Undefined variable: index in /media/jackkum/0C08303308301DE0/web/PHPPDU/jackkum/PHPPDU/PDU/Helper.php on line 41
PHP Notice:  String offset cast occurred in /media/jackkum/0C08303308301DE0/web/PHPPDU/jackkum/PHPPDU/PDU/Helper.php on line 41
PHP Notice:  Undefined variable: index in /media/jackkum/0C08303308301DE0/web/PHPPDU/jackkum/PHPPDU/PDU/Helper.php on line 37
PHP Notice:  Undefined variable: index in /media/jackkum/0C08303308301DE0/web/PHPPDU/jackkum/PHPPDU/PDU/Helper.php on line 41
PHP Notice:  String offset cast occurred in /media/jackkum/0C08303308301DE0/web/PHPPDU/jackkum/PHPPDU/PDU/Helper.php on line 41
PHP Notice:  Undefined variable: index in /media/jackkum/0C08303308301DE0/web/PHPPDU/jackkum/PHPPDU/PDU/Helper.php on line 37
PHP Notice:  Undefined variable: index in /media/jackkum/0C08303308301DE0/web/PHPPDU/jackkum/PHPPDU/PDU/Helper.php on line 41
PHP Notice:  String offset cast occurred in /media/jackkum/0C08303308301DE0/web/PHPPDU/jackkum/PHPPDU/PDU/Helper.php on line 41
PHP Notice:  Undefined variable: index in /media/jackkum/0C08303308301DE0/web/PHPPDU/jackkum/PHPPDU/PDU/Helper.php on line 37
PHP Notice:  Undefined variable: index in /media/jackkum/0C08303308301DE0/web/PHPPDU/jackkum/PHPPDU/PDU/Helper.php on line 41
PHP Notice:  String offset cast occurred in /media/jackkum/0C08303308301DE0/web/PHPPDU/jackkum/PHPPDU/PDU/Helper.php on line 41
PHP Notice:  Undefined variable: index in /media/jackkum/0C08303308301DE0/web/PHPPDU/jackkum/PHPPDU/PDU/Helper.php on line 37
PHP Notice:  Undefined variable: index in /media/jackkum/0C08303308301DE0/web/PHPPDU/jackkum/PHPPDU/PDU/Helper.php on line 41
PHP Notice:  String offset cast occurred in /media/jackkum/0C08303308301DE0/web/PHPPDU/jackkum/PHPPDU/PDU/Helper.php on line 41
PHP Notice:  Undefined variable: index in /media/jackkum/0C08303308301DE0/web/PHPPDU/jackkum/PHPPDU/PDU/Helper.php on line 37
PHP Notice:  Undefined variable: index in /media/jackkum/0C08303308301DE0/web/PHPPDU/jackkum/PHPPDU/PDU/Helper.php on line 41
PHP Notice:  String offset cast occurred in /media/jackkum/0C08303308301DE0/web/PHPPDU/jackkum/PHPPDU/PDU/Helper.php on line 41
PHP Notice:  Undefined variable: index in /media/jackkum/0C08303308301DE0/web/PHPPDU/jackkum/PHPPDU/PDU/Helper.php on line 37
PHP Notice:  Undefined variable: index in /media/jackkum/0C08303308301DE0/web/PHPPDU/jackkum/PHPPDU/PDU/Helper.php on line 41
PHP Notice:  String offset cast occurred in /media/jackkum/0C08303308301DE0/web/PHPPDU/jackkum/PHPPDU/PDU/Helper.php on line 41
PHP Notice:  Undefined variable: index in /media/jackkum/0C08303308301DE0/web/PHPPDU/jackkum/PHPPDU/PDU/Helper.php on line 37
PHP Notice:  Undefined variable: index in /media/jackkum/0C08303308301DE0/web/PHPPDU/jackkum/PHPPDU/PDU/Helper.php on line 41
PHP Notice:  String offset cast occurred in /media/jackkum/0C08303308301DE0/web/PHPPDU/jackkum/PHPPDU/PDU/Helper.php on line 41
PHP Notice:  Undefined variable: index in /media/jackkum/0C08303308301DE0/web/PHPPDU/jackkum/PHPPDU/PDU/Helper.php on line 37
PHP Notice:  Undefined variable: index in /media/jackkum/0C08303308301DE0/web/PHPPDU/jackkum/PHPPDU/PDU/Helper.php on line 41
PHP Notice:  String offset cast occurred in /media/jackkum/0C08303308301DE0/web/PHPPDU/jackkum/PHPPDU/PDU/Helper.php on line 41
PHP Notice:  Undefined variable: index in /media/jackkum/0C08303308301DE0/web/PHPPDU/jackkum/PHPPDU/PDU/Helper.php on line 37
PHP Notice:  Undefined variable: index in /media/jackkum/0C08303308301DE0/web/PHPPDU/jackkum/PHPPDU/PDU/Helper.php on line 41
PHP Notice:  String offset cast occurred in /media/jackkum/0C08303308301DE0/web/PHPPDU/jackkum/PHPPDU/PDU/Helper.php on line 41
PHP Notice:  Undefined variable: index in /media/jackkum/0C08303308301DE0/web/PHPPDU/jackkum/PHPPDU/PDU/Helper.php on line 37
PHP Notice:  Undefined variable: index in /media/jackkum/0C08303308301DE0/web/PHPPDU/jackkum/PHPPDU/PDU/Helper.php on line 41
PHP Notice:  String offset cast occurred in /media/jackkum/0C08303308301DE0/web/PHPPDU/jackkum/PHPPDU/PDU/Helper.php on line 41
PHP Notice:  Undefined variable: index in /media/jackkum/0C08303308301DE0/web/PHPPDU/jackkum/PHPPDU/PDU/Helper.php on line 37
PHP Notice:  Undefined variable: index in /media/jackkum/0C08303308301DE0/web/PHPPDU/jackkum/PHPPDU/PDU/Helper.php on line 41
PHP Notice:  String offset cast occurred in /media/jackkum/0C08303308301DE0/web/PHPPDU/jackkum/PHPPDU/PDU/Helper.php on line 41
PHP Notice:  Undefined variable: index in /media/jackkum/0C08303308301DE0/web/PHPPDU/jackkum/PHPPDU/PDU/Helper.php on line 37
PHP Notice:  Undefined variable: index in /media/jackkum/0C08303308301DE0/web/PHPPDU/jackkum/PHPPDU/PDU/Helper.php on line 41
PHP Notice:  String offset cast occurred in /media/jackkum/0C08303308301DE0/web/PHPPDU/jackkum/PHPPDU/PDU/Helper.php on line 41
PHP Notice:  Undefined variable: index in /media/jackkum/0C08303308301DE0/web/PHPPDU/jackkum/PHPPDU/PDU/Helper.php on line 37
PHP Notice:  Undefined variable: index in /media/jackkum/0C08303308301DE0/web/PHPPDU/jackkum/PHPPDU/PDU/Helper.php on line 41
PHP Notice:  String offset cast occurred in /media/jackkum/0C08303308301DE0/web/PHPPDU/jackkum/PHPPDU/PDU/Helper.php on line 41
PHP Notice:  Undefined variable: index in /media/jackkum/0C08303308301DE0/web/PHPPDU/jackkum/PHPPDU/PDU/Helper.php on line 37
PHP Notice:  Undefined variable: index in /media/jackkum/0C08303308301DE0/web/PHPPDU/jackkum/PHPPDU/PDU/Helper.php on line 41
PHP Notice:  String offset cast occurred in /media/jackkum/0C08303308301DE0/web/PHPPDU/jackkum/PHPPDU/PDU/Helper.php on line 41
PHP Notice:  Undefined variable: index in /media/jackkum/0C08303308301DE0/web/PHPPDU/jackkum/PHPPDU/PDU/Helper.php on line 37
PHP Notice:  Undefined variable: index in /media/jackkum/0C08303308301DE0/web/PHPPDU/jackkum/PHPPDU/PDU/Helper.php on line 41
PHP Notice:  String offset cast occurred in /media/jackkum/0C08303308301DE0/web/PHPPDU/jackkum/PHPPDU/PDU/Helper.php on line 41
PHP Notice:  Undefined variable: index in /media/jackkum/0C08303308301DE0/web/PHPPDU/jackkum/PHPPDU/PDU/Helper.php on line 37
PHP Notice:  Undefined variable: index in /media/jackkum/0C08303308301DE0/web/PHPPDU/jackkum/PHPPDU/PDU/Helper.php on line 41
PHP Notice:  String offset cast occurred in /media/jackkum/0C08303308301DE0/web/PHPPDU/jackkum/PHPPDU/PDU/Helper.php on line 41
PHP Notice:  Undefined variable: index in /media/jackkum/0C08303308301DE0/web/PHPPDU/jackkum/PHPPDU/PDU/Helper.php on line 37
PHP Notice:  Undefined variable: index in /media/jackkum/0C08303308301DE0/web/PHPPDU/jackkum/PHPPDU/PDU/Helper.php on line 41
PHP Notice:  String offset cast occurred in /media/jackkum/0C08303308301DE0/web/PHPPDU/jackkum/PHPPDU/PDU/Helper.php on line 41
PHP Notice:  Undefined variable: index in /media/jackkum/0C08303308301DE0/web/PHPPDU/jackkum/PHPPDU/PDU/Helper.php on line 37
PHP Notice:  Undefined variable: index in /media/jackkum/0C08303308301DE0/web/PHPPDU/jackkum/PHPPDU/PDU/Helper.php on line 41
PHP Notice:  String offset cast occurred in /media/jackkum/0C08303308301DE0/web/PHPPDU/jackkum/PHPPDU/PDU/Helper.php on line 41
PHP Notice:  Undefined variable: index in /media/jackkum/0C08303308301DE0/web/PHPPDU/jackkum/PHPPDU/PDU/Helper.php on line 37
PHP Notice:  Undefined variable: index in /media/jackkum/0C08303308301DE0/web/PHPPDU/jackkum/PHPPDU/PDU/Helper.php on line 41
PHP Notice:  String offset cast occurred in /media/jackkum/0C08303308301DE0/web/PHPPDU/jackkum/PHPPDU/PDU/Helper.php on line 41
PHP Notice:  Undefined variable: index in /media/jackkum/0C08303308301DE0/web/PHPPDU/jackkum/PHPPDU/PDU/Helper.php on line 37
PHP Notice:  Undefined variable: index in /media/jackkum/0C08303308301DE0/web/PHPPDU/jackkum/PHPPDU/PDU/Helper.php on line 41
PHP Notice:  String offset cast occurred in /media/jackkum/0C08303308301DE0/web/PHPPDU/jackkum/PHPPDU/PDU/Helper.php on line 41
PHP Notice:  Undefined variable: index in /media/jackkum/0C08303308301DE0/web/PHPPDU/jackkum/PHPPDU/PDU/Helper.php on line 37
PHP Notice:  Undefined variable: index in /media/jackkum/0C08303308301DE0/web/PHPPDU/jackkum/PHPPDU/PDU/Helper.php on line 41
PHP Notice:  String offset cast occurred in /media/jackkum/0C08303308301DE0/web/PHPPDU/jackkum/PHPPDU/PDU/Helper.php on line 41
PHP Notice:  Undefined variable: index in /media/jackkum/0C08303308301DE0/web/PHPPDU/jackkum/PHPPDU/PDU/Helper.php on line 37
PHP Notice:  Undefined variable: index in /media/jackkum/0C08303308301DE0/web/PHPPDU/jackkum/PHPPDU/PDU/Helper.php on line 41
PHP Notice:  String offset cast occurred in /media/jackkum/0C08303308301DE0/web/PHPPDU/jackkum/PHPPDU/PDU/Helper.php on line 41
PHP Notice:  Undefined variable: index in /media/jackkum/0C08303308301DE0/web/PHPPDU/jackkum/PHPPDU/PDU/Helper.php on line 37
PHP Notice:  Undefined variable: index in /media/jackkum/0C08303308301DE0/web/PHPPDU/jackkum/PHPPDU/PDU/Helper.php on line 41
PHP Notice:  String offset cast occurred in /media/jackkum/0C08303308301DE0/web/PHPPDU/jackkum/PHPPDU/PDU/Helper.php on line 41
PHP Notice:  Undefined variable: index in /media/jackkum/0C08303308301DE0/web/PHPPDU/jackkum/PHPPDU/PDU/Helper.php on line 37
PHP Notice:  Undefined variable: index in /media/jackkum/0C08303308301DE0/web/PHPPDU/jackkum/PHPPDU/PDU/Helper.php on line 41
PHP Notice:  String offset cast occurred in /media/jackkum/0C08303308301DE0/web/PHPPDU/jackkum/PHPPDU/PDU/Helper.php on line 41
PHP Notice:  Undefined variable: index in /media/jackkum/0C08303308301DE0/web/PHPPDU/jackkum/PHPPDU/PDU/Helper.php on line 37
PHP Notice:  Undefined variable: index in /media/jackkum/0C08303308301DE0/web/PHPPDU/jackkum/PHPPDU/PDU/Helper.php on line 41
PHP Notice:  String offset cast occurred in /media/jackkum/0C08303308301DE0/web/PHPPDU/jackkum/PHPPDU/PDU/Helper.php on line 41
PHP Notice:  Undefined variable: index in /media/jackkum/0C08303308301DE0/web/PHPPDU/jackkum/PHPPDU/PDU/Helper.php on line 37
PHP Notice:  Undefined variable: index in /media/jackkum/0C08303308301DE0/web/PHPPDU/jackkum/PHPPDU/PDU/Helper.php on line 41
PHP Notice:  String offset cast occurred in /media/jackkum/0C08303308301DE0/web/PHPPDU/jackkum/PHPPDU/PDU/Helper.php on line 41
PHP Notice:  Undefined variable: index in /media/jackkum/0C08303308301DE0/web/PHPPDU/jackkum/PHPPDU/PDU/Helper.php on line 37
PHP Notice:  Undefined variable: index in /media/jackkum/0C08303308301DE0/web/PHPPDU/jackkum/PHPPDU/PDU/Helper.php on line 41
PHP Notice:  String offset cast occurred in /media/jackkum/0C08303308301DE0/web/PHPPDU/jackkum/PHPPDU/PDU/Helper.php on line 41
PHP Notice:  Undefined variable: index in /media/jackkum/0C08303308301DE0/web/PHPPDU/jackkum/PHPPDU/PDU/Helper.php on line 37
PHP Notice:  Undefined variable: index in /media/jackkum/0C08303308301DE0/web/PHPPDU/jackkum/PHPPDU/PDU/Helper.php on line 41
PHP Notice:  String offset cast occurred in /media/jackkum/0C08303308301DE0/web/PHPPDU/jackkum/PHPPDU/PDU/Helper.php on line 41
PHP Notice:  Undefined variable: index in /media/jackkum/0C08303308301DE0/web/PHPPDU/jackkum/PHPPDU/PDU/Helper.php on line 37
PHP Notice:  Undefined variable: index in /media/jackkum/0C08303308301DE0/web/PHPPDU/jackkum/PHPPDU/PDU/Helper.php on line 41
PHP Notice:  String offset cast occurred in /media/jackkum/0C08303308301DE0/web/PHPPDU/jackkum/PHPPDU/PDU/Helper.php on line 41
PHP Notice:  Undefined variable: index in /media/jackkum/0C08303308301DE0/web/PHPPDU/jackkum/PHPPDU/PDU/Helper.php on line 37
PHP Notice:  Undefined variable: index in /media/jackkum/0C08303308301DE0/web/PHPPDU/jackkum/PHPPDU/PDU/Helper.php on line 41
PHP Notice:  String offset cast occurred in /media/jackkum/0C08303308301DE0/web/PHPPDU/jackkum/PHPPDU/PDU/Helper.php on line 41
PHP Notice:  Undefined variable: index in /media/jackkum/0C08303308301DE0/web/PHPPDU/jackkum/PHPPDU/PDU/Helper.php on line 37
PHP Notice:  Undefined variable: index in /media/jackkum/0C08303308301DE0/web/PHPPDU/jackkum/PHPPDU/PDU/Helper.php on line 41
PHP Notice:  String offset cast occurred in /media/jackkum/0C08303308301DE0/web/PHPPDU/jackkum/PHPPDU/PDU/Helper.php on line 41
PHP Notice:  Undefined variable: index in /media/jackkum/0C08303308301DE0/web/PHPPDU/jackkum/PHPPDU/PDU/Helper.php on line 37
PHP Notice:  Undefined variable: index in /media/jackkum/0C08303308301DE0/web/PHPPDU/jackkum/PHPPDU/PDU/Helper.php on line 41
PHP Notice:  String offset cast occurred in /media/jackkum/0C08303308301DE0/web/PHPPDU/jackkum/PHPPDU/PDU/Helper.php on line 41
PHP Notice:  Undefined variable: index in /media/jackkum/0C08303308301DE0/web/PHPPDU/jackkum/PHPPDU/PDU/Helper.php on line 37
PHP Notice:  Undefined variable: index in /media/jackkum/0C08303308301DE0/web/PHPPDU/jackkum/PHPPDU/PDU/Helper.php on line 41
PHP Notice:  String offset cast occurred in /media/jackkum/0C08303308301DE0/web/PHPPDU/jackkum/PHPPDU/PDU/Helper.php on line 41
PHP Notice:  Undefined variable: index in /media/jackkum/0C08303308301DE0/web/PHPPDU/jackkum/PHPPDU/PDU/Helper.php on line 37
PHP Notice:  Undefined variable: index in /media/jackkum/0C08303308301DE0/web/PHPPDU/jackkum/PHPPDU/PDU/Helper.php on line 41
PHP Notice:  String offset cast occurred in /media/jackkum/0C08303308301DE0/web/PHPPDU/jackkum/PHPPDU/PDU/Helper.php on line 41
PHP Notice:  Undefined variable: index in /media/jackkum/0C08303308301DE0/web/PHPPDU/jackkum/PHPPDU/PDU/Helper.php on line 37
PHP Notice:  Undefined variable: index in /media/jackkum/0C08303308301DE0/web/PHPPDU/jackkum/PHPPDU/PDU/Helper.php on line 41
PHP Notice:  String offset cast occurred in /media/jackkum/0C08303308301DE0/web/PHPPDU/jackkum/PHPPDU/PDU/Helper.php on line 41
PHP Notice:  Undefined variable: index in /media/jackkum/0C08303308301DE0/web/PHPPDU/jackkum/PHPPDU/PDU/Helper.php on line 37
PHP Notice:  Undefined variable: index in /media/jackkum/0C08303308301DE0/web/PHPPDU/jackkum/PHPPDU/PDU/Helper.php on line 41
PHP Notice:  String offset cast occurred in /media/jackkum/0C08303308301DE0/web/PHPPDU/jackkum/PHPPDU/PDU/Helper.php on line 41
PHP Notice:  Undefined variable: index in /media/jackkum/0C08303308301DE0/web/PHPPDU/jackkum/PHPPDU/PDU/Helper.php on line 37
PHP Notice:  Undefined variable: index in /media/jackkum/0C08303308301DE0/web/PHPPDU/jackkum/PHPPDU/PDU/Helper.php on line 41
PHP Notice:  String offset cast occurred in /media/jackkum/0C08303308301DE0/web/PHPPDU/jackkum/PHPPDU/PDU/Helper.php on line 41
PHP Notice:  Undefined variable: index in /media/jackkum/0C08303308301DE0/web/PHPPDU/jackkum/PHPPDU/PDU/Helper.php on line 37
PHP Notice:  Undefined variable: index in /media/jackkum/0C08303308301DE0/web/PHPPDU/jackkum/PHPPDU/PDU/Helper.php on line 41
PHP Notice:  String offset cast occurred in /media/jackkum/0C08303308301DE0/web/PHPPDU/jackkum/PHPPDU/PDU/Helper.php on line 41
PHP Notice:  Undefined variable: index in /media/jackkum/0C08303308301DE0/web/PHPPDU/jackkum/PHPPDU/PDU/Helper.php on line 37
PHP Notice:  Undefined variable: index in /media/jackkum/0C08303308301DE0/web/PHPPDU/jackkum/PHPPDU/PDU/Helper.php on line 41
PHP Notice:  String offset cast occurred in /media/jackkum/0C08303308301DE0/web/PHPPDU/jackkum/PHPPDU/PDU/Helper.php on line 41
PHP Notice:  Undefined variable: index in /media/jackkum/0C08303308301DE0/web/PHPPDU/jackkum/PHPPDU/PDU/Helper.php on line 37
PHP Notice:  Undefined variable: index in /media/jackkum/0C08303308301DE0/web/PHPPDU/jackkum/PHPPDU/PDU/Helper.php on line 41
PHP Notice:  String offset cast occurred in /media/jackkum/0C08303308301DE0/web/PHPPDU/jackkum/PHPPDU/PDU/Helper.php on line 41
PHP Notice:  Undefined variable: index in /media/jackkum/0C08303308301DE0/web/PHPPDU/jackkum/PHPPDU/PDU/Helper.php on line 37
PHP Notice:  Undefined variable: index in /media/jackkum/0C08303308301DE0/web/PHPPDU/jackkum/PHPPDU/PDU/Helper.php on line 41
PHP Notice:  String offset cast occurred in /media/jackkum/0C08303308301DE0/web/PHPPDU/jackkum/PHPPDU/PDU/Helper.php on line 41
PHP Notice:  Undefined variable: index in /media/jackkum/0C08303308301DE0/web/PHPPDU/jackkum/PHPPDU/PDU/Helper.php on line 37
PHP Notice:  Undefined variable: index in /media/jackkum/0C08303308301DE0/web/PHPPDU/jackkum/PHPPDU/PDU/Helper.php on line 41
PHP Notice:  String offset cast occurred in /media/jackkum/0C08303308301DE0/web/PHPPDU/jackkum/PHPPDU/PDU/Helper.php on line 41
PHP Notice:  Undefined variable: index in /media/jackkum/0C08303308301DE0/web/PHPPDU/jackkum/PHPPDU/PDU/Helper.php on line 37
PHP Notice:  Undefined variable: index in /media/jackkum/0C08303308301DE0/web/PHPPDU/jackkum/PHPPDU/PDU/Helper.php on line 41
PHP Notice:  String offset cast occurred in /media/jackkum/0C08303308301DE0/web/PHPPDU/jackkum/PHPPDU/PDU/Helper.php on line 41
PHP Notice:  Undefined variable: index in /media/jackkum/0C08303308301DE0/web/PHPPDU/jackkum/PHPPDU/PDU/Helper.php on line 37
PHP Notice:  Undefined variable: index in /media/jackkum/0C08303308301DE0/web/PHPPDU/jackkum/PHPPDU/PDU/Helper.php on line 41
PHP Notice:  String offset cast occurred in /media/jackkum/0C08303308301DE0/web/PHPPDU/jackkum/PHPPDU/PDU/Helper.php on line 41
PHP Notice:  Undefined variable: index in /media/jackkum/0C08303308301DE0/web/PHPPDU/jackkum/PHPPDU/PDU/Helper.php on line 37
PHP Notice:  Undefined variable: index in /media/jackkum/0C08303308301DE0/web/PHPPDU/jackkum/PHPPDU/PDU/Helper.php on line 41
PHP Notice:  String offset cast occurred in /media/jackkum/0C08303308301DE0/web/PHPPDU/jackkum/PHPPDU/PDU/Helper.php on line 41
PHP Notice:  Undefined variable: index in /media/jackkum/0C08303308301DE0/web/PHPPDU/jackkum/PHPPDU/PDU/Helper.php on line 37
PHP Notice:  Undefined variable: index in /media/jackkum/0C08303308301DE0/web/PHPPDU/jackkum/PHPPDU/PDU/Helper.php on line 41
PHP Notice:  String offset cast occurred in /media/jackkum/0C08303308301DE0/web/PHPPDU/jackkum/PHPPDU/PDU/Helper.php on line 41
PHP Notice:  Undefined variable: index in /media/jackkum/0C08303308301DE0/web/PHPPDU/jackkum/PHPPDU/PDU/Helper.php on line 37
PHP Notice:  Undefined variable: index in /media/jackkum/0C08303308301DE0/web/PHPPDU/jackkum/PHPPDU/PDU/Helper.php on line 41
PHP Notice:  String offset cast occurred in /media/jackkum/0C08303308301DE0/web/PHPPDU/jackkum/PHPPDU/PDU/Helper.php on line 41
PHP Notice:  Undefined variable: index in /media/jackkum/0C08303308301DE0/web/PHPPDU/jackkum/PHPPDU/PDU/Helper.php on line 37
PHP Notice:  Undefined variable: index in /media/jackkum/0C08303308301DE0/web/PHPPDU/jackkum/PHPPDU/PDU/Helper.php on line 41
PHP Notice:  String offset cast occurred in /media/jackkum/0C08303308301DE0/web/PHPPDU/jackkum/PHPPDU/PDU/Helper.php on line 41
PHP Notice:  Undefined variable: index in /media/jackkum/0C08303308301DE0/web/PHPPDU/jackkum/PHPPDU/PDU/Helper.php on line 37
PHP Notice:  Undefined variable: index in /media/jackkum/0C08303308301DE0/web/PHPPDU/jackkum/PHPPDU/PDU/Helper.php on line 41
PHP Notice:  String offset cast occurred in /media/jackkum/0C08303308301DE0/web/PHPPDU/jackkum/PHPPDU/PDU/Helper.php on line 41
PHP Notice:  Undefined variable: index in /media/jackkum/0C08303308301DE0/web/PHPPDU/jackkum/PHPPDU/PDU/Helper.php on line 37
PHP Notice:  Undefined variable: index in /media/jackkum/0C08303308301DE0/web/PHPPDU/jackkum/PHPPDU/PDU/Helper.php on line 41
PHP Notice:  String offset cast occurred in /media/jackkum/0C08303308301DE0/web/PHPPDU/jackkum/PHPPDU/PDU/Helper.php on line 41
PHP Notice:  Undefined variable: index in /media/jackkum/0C08303308301DE0/web/PHPPDU/jackkum/PHPPDU/PDU/Helper.php on line 37
PHP Notice:  Undefined variable: index in /media/jackkum/0C08303308301DE0/web/PHPPDU/jackkum/PHPPDU/PDU/Helper.php on line 41
PHP Notice:  String offset cast occurred in /media/jackkum/0C08303308301DE0/web/PHPPDU/jackkum/PHPPDU/PDU/Helper.php on line 41
# /media/jackkum/0C08303308301DE0/web/PHPPDU/jackkum/PHPPDU/../../jackkum/PHPPDU/PDU/PDU.php
# /media/jackkum/0C08303308301DE0/web/PHPPDU/jackkum/PHPPDU/../../jackkum/PHPPDU/jackkum/PHPPDU/PDU/PDU.php
PHP Warning:  require_once(/media/jackkum/0C08303308301DE0/web/PHPPDU/jackkum/PHPPDU/../../jackkum/PHPPDU/jackkum/PHPPDU/PDU/PDU.php): failed to open stream: No such file or directory in /media/jackkum/0C08303308301DE0/web/PHPPDU/jackkum/PHPPDU/Autoloader.php on line 44
PHP Fatal error:  require_once(): Failed opening required '/media/jackkum/0C08303308301DE0/web/PHPPDU/jackkum/PHPPDU/../../jackkum/PHPPDU/jackkum/PHPPDU/PDU/PDU.php' (include_path='.:/usr/share/php:/usr/share/pear') in /media/jackkum/0C08303308301DE0/web/PHPPDU/jackkum/PHPPDU/Autoloader.php on line 44
